Component: ARM Compiler 5.06 update 7 (build 960) Tool: armlink [4d3601]

==============================================================================

Section Cross References

    main.o(.text) refers to hardware_init.o(.text) for Hardware_init
    main.o(.text) refers to oled.o(.text) for oled_init
    main.o(.text) refers to key.o(.text) for user_button_init
    main.o(.text) refers to screen_proc.o(.text) for hmi_engine_obj_init
    interrupt.o(.text) refers to flexible_button.o(.text) for flex_button_scan
    interrupt.o(.text) refers to interrupt.o(.data) for flag_ms
    hardware_init.o(.text) refers to lks32mc03x_gpio.o(.text) for GPIO_StructInit
    hardware_init.o(.text) refers to lks32mc03x_timer.o(.text) for TIM_TimerStrutInit
    hardware_init.o(.text) refers to lks32mc03x_iwdg.o(.text) for IWDG_DISABLE
    oled.o(.text) refers to delay.o(.text) for delay_us
    oled.o(.text) refers to rt_memclr.o(.text) for __aeabi_memclr4
    oled.o(.text) refers to oled.o(.bss) for OLED_DisplayBuf
    oled.o(.text) refers to oled.o(.constdata) for OLED_init_cmd
    flexible_button.o(.text) refers to flexible_button.o(.data) for btn_head
    key.o(.text) refers to lks32mc03x_gpio.o(.text) for GPIO_ReadInputDataBit
    key.o(.text) refers to flexible_button.o(.text) for flex_button_event_read
    key.o(.text) refers to rt_memclr.o(.text) for __aeabi_memclr4
    key.o(.text) refers to key.o(.bss) for user_button
    key.o(.text) refers to key.o(.data) for flag_key_main_pressed
    lks32mc03x_gpio.o(.text) refers to lks32mc03x_gpio.o(i.__ARM_common_switch8) for __ARM_common_switch8
    lks32mc03x_i2c.o(.text) refers to lks32mc03x_sys.o(.text) for SYS_ModuleClockCmd
    lks32mc03x_timer.o(.text) refers to lks32mc03x_sys.o(.text) for SYS_ModuleClockCmd
    lks32mc03x_uart.o(.text) refers to lks32mc03x_sys.o(.text) for SYS_ModuleClockCmd
    lks32mc03x_uart.o(.text) refers to aeabi_sdiv.o(.text) for __aeabi_uidivmod
    startup_lks32mc03x.o(STACK) refers (Special) to heapauxi.o(.text) for __use_two_region_memory
    startup_lks32mc03x.o(HEAP) refers (Special) to heapauxi.o(.text) for __use_two_region_memory
    startup_lks32mc03x.o(RESET) refers (Special) to heapauxi.o(.text) for __use_two_region_memory
    startup_lks32mc03x.o(RESET) refers to startup_lks32mc03x.o(STACK) for __initial_sp
    startup_lks32mc03x.o(RESET) refers to startup_lks32mc03x.o(.text) for Reset_Handler
    startup_lks32mc03x.o(RESET) refers to interrupt.o(.text) for HardFault_Handler
    startup_lks32mc03x.o(.text) refers (Special) to heapauxi.o(.text) for __use_two_region_memory
    startup_lks32mc03x.o(.text) refers to startup_lks32mc03x.o(STACK) for __initial_sp
    startup_lks32mc03x.o(.text) refers to hardware_init.o(.text) for SystemInit
    startup_lks32mc03x.o(.text) refers to __main.o(!!!main) for __main
    startup_lks32mc03x.o(.text) refers to startup_lks32mc03x.o(HEAP) for Heap_Mem
    delay.o(.text) refers to aeabi_sdiv.o(.text) for __aeabi_uidivmod
    delay.o(.text) refers to delay.o(.data) for fac_us
    sgui_common.o(.text) refers to aeabi_sdiv.o(.text) for __aeabi_uidivmod
    sgui_itemsbase.o(.text) refers to rt_memcpy.o(.text) for __aeabi_memcpy
    sgui_itemsbase.o(.text) refers to aeabi_sdiv.o(.text) for __aeabi_idivmod
    sgui_itemsbase.o(.text) refers to sgui_basic.o(.text) for SGUI_Basic_DrawRectangle
    sgui_itemsbase.o(.text) refers to sgui_text.o(.text) for SGUI_Text_DrawText
    sgui_list.o(.text) refers to rt_memcpy.o(.text) for __aeabi_memcpy
    sgui_list.o(.text) refers to sgui_itemsbase.o(.text) for SGUI_ItemsBase_Initialize
    sgui_list.o(.text) refers to sgui_basic.o(.text) for SGUI_Basic_DrawRectangle
    sgui_list.o(.text) refers to sgui_text.o(.text) for SGUI_Text_DrawText
    sgui_list.o(.text) refers to sgui_scrollbar.o(.text) for SGUI_ScrollBar_SetValue
    sgui_menu.o(.text) refers to rt_memcpy.o(.text) for __aeabi_memcpy
    sgui_menu.o(.text) refers to sgui_itemsbase.o(.text) for SGUI_ItemsBase_Initialize
    sgui_menu.o(.text) refers to sgui_basic.o(.text) for SGUI_Basic_DrawRectangle
    sgui_menu.o(.text) refers to sgui_menu.o(.constdata) for SGUI_MENU_ICON_MOVEUP
    sgui_notice.o(.text) refers to sgui_basic.o(.text) for SGUI_Basic_DrawRectangle
    sgui_notice.o(.text) refers to sgui_text.o(.text) for SGUI_Text_DrawMultipleLinesText
    sgui_scrollbar.o(.text) refers to sgui_basic.o(.text) for SGUI_Basic_DrawRectangle
    sgui_scrollbar.o(.text) refers to aeabi_sdiv.o(.text) for __aeabi_uidivmod
    sgui_text.o(.text) refers to sgui_basic.o(.text) for SGUI_Basic_DrawBitMap
    sgui_text.o(.text) refers to sgui_common.o(.text) for SGUI_Common_AdaptDisplayInfo
    sgui_text.o(.data) refers to sgui_text.o(.conststring) for .conststring
    hmi_engine.o(.text) refers to hmi_engine.o(.data) for g_pstActivedEngineObject
    extended_list.o(.text) refers to rt_memclr.o(.text) for __aeabi_memclr4
    extended_list.o(.text) refers to sgui_list.o(.text) for SGUI_List_Initialize
[...]

Image Symbol Table

    Local Symbols

    Symbol Name                              Value     Ov Type        Size  Object(Section)

    RESET                                    0x00000000   Section      192  startup_lks32mc03x.o(RESET)
    ../clib/../cmprslib/zerorunl2.c          0x00000000   Number         0  __dczerorl2.o ABSOLUTE
    ../clib/angel/boardlib.s                 0x00000000   Number         0  boardinit3.o ABSOLUTE
    ../clib/angel/boardlib.s                 0x00000000   Number         0  boardinit1.o ABSOLUTE
    ../clib/angel/boardlib.s                 0x00000000   Number         0  boardinit2.o ABSOLUTE
    ../clib/angel/boardlib.s                 0x00000000   Number         0  boardshut.o ABSOLUTE
    ../clib/angel/handlers.s                 0x00000000   Number         0  __scatter_zi.o ABSOLUTE
    ../clib/angel/kernel.s                   0x00000000   Number         0  __rtentry.o ABSOLUTE
    ../clib/angel/kernel.s                   0x00000000   Number         0  rtexit.o ABSOLUTE
    ../clib/angel/kernel.s                   0x00000000   Number         0  __rtentry4.o ABSOLUTE
    ../clib/angel/kernel.s                   0x00000000   Number         0  rtexit2.o ABSOLUTE
    ../clib/angel/kernel.s                   0x00000000   Number         0  __rtentry2.o ABSOLUTE
    ../clib/angel/rt.s                       0x00000000   Number         0  rt_raise.o ABSOLUTE
    ../clib/angel/rt.s                       0x00000000   Number         0  rt_div0.o ABSOLUTE
    ../clib/angel/rt.s                       0x00000000   Number         0  aeabi_idiv0.o ABSOLUTE
    ../clib/angel/rt.s                       0x00000000   Number         0  aeabi_idiv0_sigfpe.o ABSOLUTE
    ../clib/angel/scatterp.s                 0x00000000   Number         0  __scatter.o ABSOLUTE
    ../clib/angel/startup.s                  0x00000000   Number         0  __main.o ABSOLUTE
    ../clib/angel/sys.s                      0x00000000   Number         0  indicate_semi.o ABSOLUTE
    ../clib/angel/sys.s                      0x00000000   Number         0  sys_stackheap_outer.o ABSOLUTE
    ../clib/angel/sys.s                      0x00000000   Number         0  use_no_semi.o ABSOLUTE
    ../clib/angel/sys.s                      0x00000000   Number         0  tempstk.o ABSOLUTE
    ../clib/angel/sys.s                      0x00000000   Number         0  libspace.o ABSOLUTE
    ../clib/angel/sysapp.c                   0x00000000   Number         0  sys_wrch.o ABSOLUTE
    ../clib/angel/sysapp.c                   0x00000000   Number         0  sys_exit.o ABSOLUTE
    ../clib/angel/sysapp.c                   0x00000000   Number         0  sys_command.o ABSOLUTE
    ../clib/armsys.c                         0x00000000   Number         0  argv_veneer.o ABSOLUTE
    ../clib/armsys.c                         0x00000000   Number         0  no_argv.o ABSOLUTE
    ../clib/armsys.c                         0x00000000   Number         0  _get_argv_nomalloc.o ABSOLUTE
    ../clib/division.s                       0x00000000   Number         0  aeabi_sdiv.o ABSOLUTE
    ../clib/division.s                       0x00000000   Number         0  aeabi_sdiv_div0.o ABSOLUTE
    ../clib/heapalloc.c                      0x00000000   Number         0  hrguard.o ABSOLUTE
    ../clib/heapaux.c                        0x00000000   Number         0  heapauxi.o ABSOLUTE
    ../clib/libinit.s                        0x00000000   Number         0  libinit.o ABSOLUTE
    ../clib/libinit.s                        0x00000000   Number         0  libinit2.o ABSOLUTE
    ../clib/libinit.s                        0x00000000   Number         0  libshutdown2.o ABSOLUTE
    ../clib/libinit.s                        0x00000000   Number         0  libshutdown.o ABSOLUTE
    ../clib/memcpset.c                       0x00000000   Number         0  rt_memcpy.o ABSOLUTE
    ../clib/memcpset.c                       0x00000000   Number         0  rt_memcpy.o ABSOLUTE
    ../clib/memcpset.c                       0x00000000   Number         0  rt_memclr.o ABSOLUTE
    ../clib/signal.c                         0x00000000   Number         0  defsig_other.o ABSOLUTE
    ../clib/signal.c                         0x00000000   Number         0  defsig_rtred_inner.o ABSOLUTE
    ../clib/signal.c                         0x00000000   Number         0  defsig_abrt_inner.o ABSOLUTE
    ../clib/signal.c                         0x00000000   Number         0  __raise.o ABSOLUTE
    ../clib/signal.c                         0x00000000   Number         0  defsig_exit.o ABSOLUTE
    ../clib/signal.c                         0x00000000   Number         0  defsig_fpe_inner.o ABSOLUTE
    ../clib/signal.c                         0x00000000   Number         0  defsig_fpe_outer.o ABSOLUTE
    ../clib/signal.c                         0x00000000   Number         0  defsig_general.o ABSOLUTE
    ../clib/signal.c                         0x00000000   Number         0  defsig_cppl_inner.o ABSOLUTE
    ../clib/signal.c                         0x00000000   Number         0  defsig_segv_inner.o ABSOLUTE
    ../clib/signal.c                         0x00000000   Number         0  defsig_pvfn_inner.o ABSOLUTE
    ../clib/signal.c                         0x00000000   Number         0  defsig_stak_inner.o ABSOLUTE
    ../clib/signal.c                         0x00000000   Number         0  defsig_rtmem_formal.o ABSOLUTE
    ../clib/signal.c                         0x00000000   Number         0  defsig_rtmem_outer.o ABSOLUTE
    ../clib/signal.c                         0x00000000   Number         0  defsig_rtmem_inner.o ABSOLUTE
    ../clib/signal.c                         0x00000000   Number         0  defsig_fpe_formal.o ABSOLUTE
    ../clib/signal.s                         0x00000000   Number         0  defsig.o ABSOLUTE
    ../clib/stdlib.c                         0x00000000   Number         0  exit.o ABSOLUTE
    ../fplib/cfplib/fpinit.c                 0x00000000   Number         0  fpinit.o ABSOLUTE
    Include\startup_lks32mc03x.s             0x00000000   Number         0  startup_lks32mc03x.o ABSOLUTE
    LKS32MC03x_Periph_Driver\Source\delay.c  0x00000000   Number         0  delay.o ABSOLUTE
    LKS32MC03x_Periph_Driver\Source\lks32mc03x_I2C.c 0x00000000   Number         0  lks32mc03x_i2c.o ABSOLUTE
    LKS32MC03x_Periph_Driver\Source\lks32mc03x_IWDG.c 0x00000000   Number         0  lks32mc03x_iwdg.o ABSOLUTE
    LKS32MC03x_Periph_Driver\Source\lks32mc03x_gpio.c 0x00000000   Number         0  lks32mc03x_gpio.o ABSOLUTE
    LKS32MC03x_Periph_Driver\Source\lks32mc03x_sys.c 0x00000000   Number         0  lks32mc03x_sys.o ABSOLUTE
    LKS32MC03x_Periph_Driver\Source\lks32mc03x_timer.c 0x00000000   Number         0  lks32mc03x_timer.o ABSOLUTE
    LKS32MC03x_Periph_Driver\Source\lks32mc03x_uart.c 0x00000000   Number         0  lks32mc03x_uart.o ABSOLUTE
    LKS32MC03x_Periph_Driver\\Source\\delay.c 0x00000000   Number         0  delay.o ABSOLUTE
    LKS32MC03x_Periph_Driver\\Source\\lks32mc03x_I2C.c 0x00000000   Number         0  lks32mc03x_i2c.o ABSOLUTE
    LKS32MC03x_Periph_Driver\\Source\\lks32mc03x_IWDG.c 0x00000000   Number         0  lks32mc03x_iwdg.o ABSOLUTE
    LKS32MC03x_Periph_Driver\\Source\\lks32mc03x_gpio.c 0x00000000   Number         0  lks32mc03x_gpio.o ABSOLUTE
    LKS32MC03x_Periph_Driver\\Source\\lks32mc03x_sys.c 0x00000000   Number         0  lks32mc03x_sys.o ABSOLUTE
    LKS32MC03x_Periph_Driver\\Source\\lks32mc03x_timer.c 0x00000000   Number         0  lks32mc03x_timer.o ABSOLUTE
    LKS32MC03x_Periph_Driver\\Source\\lks32mc03x_uart.c 0x00000000   Number         0  lks32mc03x_uart.o ABSOLUTE
    Source\Global_Variable.c                 0x00000000   Number         0  global_variable.o ABSOLUTE
    Source\\Global_Variable.c                0x00000000   Number         0  global_variable.o ABSOLUTE
    Source\\hardware_init.c                  0x00000000   Number         0  hardware_init.o ABSOLUTE
    Source\\interrupt.c                      0x00000000   Number         0  interrupt.o ABSOLUTE
    Source\\key\\key.c                       0x00000000   Number         0  key.o ABSOLUTE
    Source\\main.c                           0x00000000   Number         0  main.o ABSOLUTE
    Source\\oled.c                           0x00000000   Number         0  oled.o ABSOLUTE
    Source\hardware_init.c                   0x00000000   Number         0  hardware_init.o ABSOLUTE
    Source\interrupt.c                       0x00000000   Number         0  interrupt.o ABSOLUTE
    Source\key\flexible_button.c             0x00000000   Number         0  flexible_button.o ABSOLUTE
    Source\key\key.c                         0x00000000   Number         0  key.o ABSOLUTE
    Source\main.c                            0x00000000   Number         0  main.o ABSOLUTE
    Source\oled.c                            0x00000000   Number         0  oled.o ABSOLUTE
    Source\simple_gui\GUI\src\SGUI_Basic.c   0x00000000   Number         0  sgui_basic.o ABSOLUTE
    Source\simple_gui\GUI\src\SGUI_Common.c  0x00000000   Number         0  sgui_common.o ABSOLUTE
    Source\simple_gui\GUI\src\SGUI_IconResource.c 0x00000000   Number         0  sgui_iconresource.o ABSOLUTE
    Source\simple_gui\GUI\src\SGUI_Interface.c 0x00000000   Number         0  sgui_interface.o ABSOLUTE
    Source\simple_gui\GUI\src\SGUI_ItemsBase.c 0x00000000   Number         0  sgui_itemsbase.o ABSOLUTE
    Source\simple_gui\GUI\src\SGUI_List.c    0x00000000   Number         0  sgui_list.o ABSOLUTE
    Source\simple_gui\GUI\src\SGUI_Menu.c    0x00000000   Number         0  sgui_menu.o ABSOLUTE
    Source\simple_gui\GUI\src\SGUI_Notice.c  0x00000000   Number         0  sgui_notice.o ABSOLUTE
    Source\simple_gui\GUI\src\SGUI_ScrollBar.c 0x00000000   Number         0  sgui_scrollbar.o ABSOLUTE
    Source\simple_gui\GUI\src\SGUI_Text.c    0x00000000   Number         0  sgui_text.o ABSOLUTE
    Source\simple_gui\HMI\src\HMI_Engine.c   0x00000000   Number         0  hmi_engine.o ABSOLUTE
    Source\simple_gui\usr_screen\src\extended_list.c 0x00000000   Number         0  extended_list.o ABSOLUTE
    Source\simple_gui\usr_screen\src\font_data.c 0x00000000   Number         0  font_data.o ABSOLUTE
    Source\simple_gui\usr_screen\src\inconsolata_bold_22.c 0x00000000   Number         0  inconsolata_bold_22.o ABSOLUTE
    Source\simple_gui\usr_screen\src\inconsolata_regular_12.c 0x00000000   Number         0  inconsolata_regular_12.o ABSOLUTE
    Source\simple_gui\usr_screen\src\inconsolata_regular_16.c 0x00000000   Number         0  inconsolata_regular_16.o ABSOLUTE
    Source\simple_gui\usr_screen\src\main_list.c 0x00000000   Number         0  main_list.o ABSOLUTE
    Source\simple_gui\usr_screen\src\main_screen.c 0x00000000   Number         0  main_screen.o ABSOLUTE
    Source\simple_gui\usr_screen\src\screen_proc.c 0x00000000   Number         0  screen_proc.o ABSOLUTE
    Source\simple_gui\usr_screen\src\settings_list.c 0x00000000   Number         0  settings_list.o ABSOLUTE
    dc.s                                     0x00000000   Number         0  dc.o ABSOLUTE
    !!!main                                  0x000000c0   Section        8  __main.o(!!!main)
    !!!scatter                               0x000000c8   Section       60  __scatter.o(!!!scatter)
    !!handler_zi                             0x00000104   Section       28  __scatter_zi.o(!!handler_zi)
    .ARM.Collect$$libinit$$00000000          0x00000120   Section        2  libinit.o(.ARM.Collect$$libinit$$00000000)
    .ARM.Collect$$libinit$$00000002          0x00000122   Section        0  libinit2.o(.ARM.Collect$$libinit$$00000002)
    .ARM.Collect$$libinit$$00000004          0x00000122   Section        0  libinit2.o(.ARM.Collect$$libinit$$00000004)
    .ARM.Collect$$libinit$$0000000A          0x00000122   Section        0  libinit2.o(.ARM.Collect$$libinit$$0000000A)
    .ARM.Collect$$libinit$$0000000C          0x00000122   Section        0  libinit2.o(.ARM.Collect$$libinit$$0000000C)
    .ARM.Collect$$libinit$$0000000E          0x00000122   Section        0  libinit2.o(.ARM.Collect$$libinit$$0000000E)
    .ARM.Collect$$libinit$$00000011          0x00000122   Section        0  libinit2.o(.ARM.Collect$$libinit$$00000011)
    .ARM.Collect$$libinit$$00000013          0x00000122   Section        0  libinit2.o(.ARM.Collect$$libinit$$00000013)
    .ARM.Collect$$libinit$$00000015          0x00000122   Section        0  libinit2.o(.ARM.Collect$$libinit$$00000015)
    .ARM.Collect$$libinit$$00000017          0x00000122   Section        0  libinit2.o(.ARM.Collect$$libinit$$00000017)
    .ARM.Collect$$libinit$$00000019          0x00000122   Section        0  libinit2.o(.ARM.Collect$$libinit$$00000019)
    .ARM.Collect$$libinit$$0000001B          0x00000122   Section        0  libinit2.o(.ARM.Collect$$libinit$$0000001B)
    .ARM.Collect$$libinit$$0000001D          0x00000122   Section        0  libinit2.o(.ARM.Collect$$libinit$$0000001D)
    .ARM.Collect$$libinit$$0000001F          0x00000122   Section        0  libinit2.o(.ARM.Collect$$libinit$$0000001F)
    .ARM.Collect$$libinit$$00000021          0x00000122   Section        0  libinit2.o(.ARM.Collect$$libinit$$00000021)
    .ARM.Collect$$libinit$$00000023          0x00000122   Section        0  libinit2.o(.ARM.Collect$$libinit$$00000023)
    .ARM.Collect$$libinit$$00000025          0x00000122   Section        0  libinit2.o(.ARM.Collect$$libinit$$00000025)
    .ARM.Collect$$libinit$$0000002C          0x00000122   Section        0  libinit2.o(.ARM.Collect$$libinit$$0000002C)
    .ARM.Collect$$libinit$$0000002E          0x00000122   Section        0  libinit2.o(.ARM.Collect$$libinit$$0000002E)
    .ARM.Collect$$libinit$$00000030          0x00000122   Section        0  libinit2.o(.ARM.Collect$$libinit$$00000030)
    .ARM.Collect$$libinit$$00000032          0x00000122   Section        0  libinit2.o(.ARM.Collect$$libinit$$00000032)
    .ARM.Collect$$libinit$$00000033          0x00000122   Section        2  libinit2.o(.ARM.Collect$$libinit$$00000033)
    .ARM.Collect$$libshutdown$$00000000      0x00000124   Section        2  libshutdown.o(.ARM.Collect$$libshutdown$$00000000)
    .ARM.Collect$$libshutdown$$00000002      0x00000126   Section        0  libshutdown2.o(.ARM.Collect$$libshutdown$$00000002)
    .ARM.Collect$$libshutdown$$00000004      0x00000126   Section        0  libshutdown2.o(.ARM.Collect$$libshutdown$$00000004)
    .ARM.Collect$$libshutdown$$00000006      0x00000126   Section        0  libshutdown2.o(.ARM.Collect$$libshutdown$$00000006)
    .ARM.Collect$$libshutdown$$00000009      0x00000126   Section        0  libshutdown2.o(.ARM.Collect$$libshutdown$$00000009)
    .ARM.Collect$$libshutdown$$0000000C      0x00000126   Section        0  libshutdown2.o(.ARM.Collect$$libshutdown$$0000000C)
    .ARM.Collect$$libshutdown$$0000000E      0x00000126   Section        0  libshutdown2.o(.ARM.Collect$$libshutdown$$0000000E)
    .ARM.Collect$$libshutdown$$00000011      0x00000126   Section        0  libshutdown2.o(.ARM.Collect$$libshutdown$$00000011)
    .ARM.Collect$$libshutdown$$00000012      0x00000126   Section        2  libshutdown2.o(.ARM.Collect$$libshutdown$$00000012)
    .ARM.Collect$$rtentry$$00000000          0x00000128   Section        0  __rtentry.o(.ARM.Collect$$rtentry$$00000000)
    .ARM.Collect$$rtentry$$00000002          0x00000128   Section        0  __rtentry2.o(.ARM.Collect$$rtentry$$00000002)
    .ARM.Collect$$rtentry$$00000004          0x00000128   Section        6  __rtentry4.o(.ARM.Collect$$rtentry$$00000004)
    .ARM.Collect$$rtentry$$00000009          0x0000012e   Section        0  __rtentry2.o(.ARM.Collect$$rtentry$$00000009)
    .ARM.Collect$$rtentry$$0000000A          0x0000012e   Section        4  __rtentry2.o(.ARM.Collect$$rtentry$$0000000A)
    .ARM.Collect$$rtentry$$0000000C          0x00000132   Section        0  __rtentry2.o(.ARM.Collect$$rtentry$$0000000C)
    .ARM.Collect$$rtentry$$0000000D          0x00000132   Section        8  __rtentry2.o(.ARM.Collect$$rtentry$$0000000D)
    .ARM.Collect$$rtexit$$00000000           0x0000013a   Section        2  rtexit.o(.ARM.Collect$$rtexit$$00000000)
    .ARM.Collect$$rtexit$$00000002           0x0000013c   Section        0  rtexit2.o(.ARM.Collect$$rtexit$$00000002)
    .ARM.Collect$$rtexit$$00000003           0x0000013c   Section        4  rtexit2.o(.ARM.Collect$$rtexit$$00000003)
    .ARM.Collect$$rtexit$$00000004           0x00000140   Section        6  rtexit2.o(.ARM.Collect$$rtexit$$00000004)
    .emb_text                                0x00000148   Section       56  rt_memcpy.o(.emb_text)
    .text                                    0x00000180   Section        0  main.o(.text)
    .text                                    0x000001ac   Section        0  interrupt.o(.text)
    .text                                    0x00000280   Section        0  hardware_init.o(.text)
    NVIC_SetPriority                         0x000004af   Thumb Code   110  hardware_init.o(.text)
    .text                                    0x00000540   Section        0  oled.o(.text)
    .text                                    0x000008b4   Section        0  flexible_button.o(.text)
    flex_button_read                         0x0000092b   Thumb Code    58  flexible_button.o(.text)
    flex_button_process                      0x00000965   Thumb Code   624  flexible_button.o(.text)
    .text                                    0x00000c00   Section        0  key.o(.text)
    common_btn_read                          0x00000c01   Thumb Code    74  key.o(.text)
    common_btn_evt_cb                        0x00000c4b   Thumb Code    80  key.o(.text)
    .text                                    0x00000d5c   Section        0  lks32mc03x_gpio.o(.text)
    .text                                    0x0000113c   Section        0  lks32mc03x_sys.o(.text)
    .text                                    0x00001248   Section        0  lks32mc03x_timer.o(.text)
    .text                                    0x0000132c   Section       64  startup_lks32mc03x.o(.text)
    .text                                    0x0000136c   Section        0  delay.o(.text)
    .text                                    0x0000147c   Section        0  lks32mc03x_iwdg.o(.text)
    .text                                    0x000014f0   Section        0  sgui_basic.o(.text)
    .text                                    0x00001d5a   Section        0  sgui_common.o(.text)
    .text                                    0x0000214e   Section        0  sgui_itemsbase.o(.text)
    .text                                    0x000027e2   Section        0  sgui_list.o(.text)
    .text                                    0x00002a38   Section        0  sgui_scrollbar.o(.text)
    .text                                    0x00002b5e   Section        0  sgui_text.o(.text)
    .text                                    0x00002ee0   Section        0  hmi_engine.o(.text)
    HMI_GetScreenObjectInEngine              0x00002ee1   Thumb Code    48  hmi_engine.o(.text)
    .text                                    0x000030fc   Section        0  extended_list.o(.text)
    HMI_extendedList_Initialize              0x000030fd   Thumb Code    52  extended_list.o(.text)
    HMI_extendedList_Prepare                 0x00003131   Thumb Code    18  extended_list.o(.text)
    HMI_extendedList_RefreshScreen           0x00003143   Thumb Code    18  extended_list.o(.text)
    HMI_extendedList_ProcessEvent            0x00003155   Thumb Code   152  extended_list.o(.text)
    HMI_extendedList_PostProcess             0x000031ed   Thumb Code   130  extended_list.o(.text)
    .text                                    0x00003298   Section        0  font_data.o(.text)
    .text                                    0x000033f0   Section        0  screen_proc.o(.text)
    .text                                    0x00003554   Section        0  settings_list.o(.text)
    HMI_settings_List_Initialize             0x00003555   Thumb Code    52  settings_list.o(.text)
    HMI_settings_List_Prepare                0x00003589   Thumb Code    18  settings_list.o(.text)
    HMI_settings_List_RefreshScreen          0x0000359b   Thumb Code    18  settings_list.o(.text)
    HMI_settings_List_ProcessEvent           0x000035ad   Thumb Code   152  settings_list.o(.text)
    HMI_settings_List_PostProcess            0x00003645   Thumb Code   134  settings_list.o(.text)
    .text                                    0x000036f4   Section        0  main_screen.o(.text)
    HMI_main_screen_RefreshScreen            0x000036f5   Thumb Code   334  main_screen.o(.text)
    HMI_main_screen_Prepare                  0x00003843   Thumb Code    50  main_screen.o(.text)
    HMI_main_screen_ProcessEvent             0x00003875   Thumb Code    24  main_screen.o(.text)
    HMI_main_screen_PostProcess              0x0000388d   Thumb Code    28  main_screen.o(.text)
    .text                                    0x000038d0   Section        0  main_list.o(.text)
    HMI_DemoList_Initialize                  0x000038d1   Thumb Code    52  main_list.o(.text)
    HMI_DemoList_Prepare                     0x00003905   Thumb Code    18  main_list.o(.text)
    HMI_DemoList_RefreshScreen               0x00003917   Thumb Code    18  main_list.o(.text)
    HMI_DemoList_ProcessEvent                0x00003929   Thumb Code   152  main_list.o(.text)
    HMI_DemoList_PostProcess                 0x000039c1   Thumb Code   104  main_list.o(.text)
    .text                                    0x00003a38   Section        0  rt_memcpy.o(.text)
    .text                                    0x00003aba   Section        0  rt_memclr.o(.text)
    .text                                    0x00003afa   Section      346  aeabi_sdiv.o(.text)
    .text                                    0x00003c54   Section        0  heapauxi.o(.text)
    .text                                    0x00003c5a   Section       62  sys_stackheap_outer.o(.text)
    .text                                    0x00003c98   Section        0  exit.o(.text)
    .text                                    0x00003ca8   Section        8  libspace.o(.text)
    .text                                    0x00003cb0   Section        0  sys_exit.o(.text)
    .text                                    0x00003cbc   Section        2  use_no_semi.o(.text)
    .text                                    0x00003cbe   Section        0  indicate_semi.o(.text)
    .text                                    0x00003cbe   Section        0  __dczerorl2.o(.text)
    i.__ARM_common_switch8                   0x00003d14   Section        0  lks32mc03x_gpio.o(i.__ARM_common_switch8)
    .constdata                               0x00003d30   Section       25  oled.o(.constdata)
    .constdata                               0x00003d4c   Section       60  font_data.o(.constdata)
    .constdata                               0x00003d88   Section     1456  inconsolata_regular_16.o(.constdata)
    font_0041                                0x00003d88   Data          16  inconsolata_regular_16.o(.constdata)
    font_0042                                0x00003d98   Data          16  inconsolata_regular_16.o(.constdata)
    font_0043                                0x00003da8   Data          16  inconsolata_regular_16.o(.constdata)
    font_0044                                0x00003db8   Data          16  inconsolata_regular_16.o(.constdata)
    font_0045                                0x00003dc8   Data          16  inconsolata_regular_16.o(.constdata)
    font_0046                                0x00003dd8   Data          16  inconsolata_regular_16.o(.constdata)
    font_0047                                0x00003de8   Data          16  inconsolata_regular_16.o(.constdata)
    font_0048                                0x00003df8   Data          16  inconsolata_regular_16.o(.constdata)
    font_0049                                0x00003e08   Data          16  inconsolata_regular_16.o(.constdata)
    font_004a                                0x00003e18   Data          16  inconsolata_regular_16.o(.constdata)
    font_004b                                0x00003e28   Data          16  inconsolata_regular_16.o(.constdata)
    font_004c                                0x00003e38   Data          16  inconsolata_regular_16.o(.constdata)
    font_004d                                0x00003e48   Data          16  inconsolata_regular_16.o(.constdata)
    font_004e                                0x00003e58   Data          16  inconsolata_regular_16.o(.constdata)
    font_004f                                0x00003e68   Data          16  inconsolata_regular_16.o(.constdata)
    font_0050                                0x00003e78   Data          16  inconsolata_regular_16.o(.constdata)
    font_0051                                0x00003e88   Data          16  inconsolata_regular_16.o(.constdata)
    font_0052                                0x00003e98   Data          16  inconsolata_regular_16.o(.constdata)
    font_0053                                0x00003ea8   Data          16  inconsolata_regular_16.o(.constdata)
    font_0054                                0x00003eb8   Data          16  inconsolata_regular_16.o(.constdata)
    font_0055                                0x00003ec8   Data          16  inconsolata_regular_16.o(.constdata)
    font_0056                                0x00003ed8   Data          16  inconsolata_regular_16.o(.constdata)
    font_0057                                0x00003ee8   Data          16  inconsolata_regular_16.o(.constdata)
    font_0058                                0x00003ef8   Data          16  inconsolata_regular_16.o(.constdata)
    font_0059                                0x00003f08   Data          16  inconsolata_regular_16.o(.constdata)
    font_005a                                0x00003f18   Data          16  inconsolata_regular_16.o(.constdata)
    font_0061                                0x00003f28   Data          16  inconsolata_regular_16.o(.constdata)
    font_0062                                0x00003f38   Data          16  inconsolata_regular_16.o(.constdata)
    font_0063                                0x00003f48   Data          16  inconsolata_regular_16.o(.constdata)
    font_0064                                0x00003f58   Data          16  inconsolata_regular_16.o(.constdata)
    font_0065                                0x00003f68   Data          16  inconsolata_regular_16.o(.constdata)
    font_0066                                0x00003f78   Data          16  inconsolata_regular_16.o(.constdata)
    font_0067                                0x00003f88   Data          16  inconsolata_regular_16.o(.constdata)
    font_0068                                0x00003f98   Data          16  inconsolata_regular_16.o(.constdata)
    font_0069                                0x00003fa8   Data          16  inconsolata_regular_16.o(.constdata)
    font_006a                                0x00003fb8   Data          16  inconsolata_regular_16.o(.constdata)
    font_006b                                0x00003fc8   Data          16  inconsolata_regular_16.o(.constdata)
    font_006c                                0x00003fd8   Data          16  inconsolata_regular_16.o(.constdata)
    font_006d                                0x00003fe8   Data          16  inconsolata_regular_16.o(.constdata)
    font_006e                                0x00003ff8   Data          16  inconsolata_regular_16.o(.constdata)
    font_006f                                0x00004008   Data          16  inconsolata_regular_16.o(.constdata)
    font_0070                                0x00004018   Data          16  inconsolata_regular_16.o(.constdata)
    font_0071                                0x00004028   Data          16  inconsolata_regular_16.o(.constdata)
    font_0072                                0x00004038   Data          16  inconsolata_regular_16.o(.constdata)
    font_0073                                0x00004048   Data          16  inconsolata_regular_16.o(.constdata)
    font_0074                                0x00004058   Data          16  inconsolata_regular_16.o(.constdata)
    font_0075                                0x00004068   Data          16  inconsolata_regular_16.o(.constdata)
    font_0076                                0x00004078   Data          16  inconsolata_regular_16.o(.constdata)
    font_0077                                0x00004088   Data          16  inconsolata_regular_16.o(.constdata)
    font_0078                                0x00004098   Data          16  inconsolata_regular_16.o(.constdata)
    font_0079                                0x000040a8   Data          16  inconsolata_regular_16.o(.constdata)
    font_007a                                0x000040b8   Data          16  inconsolata_regular_16.o(.constdata)
    .constdata                               0x00004338   Section     2180  inconsolata_regular_12.o(.constdata)
    font_0020                                0x00004338   Data          12  inconsolata_regular_12.o(.constdata)
    font_0021                                0x00004344   Data          12  inconsolata_regular_12.o(.constdata)
    font_0022                                0x00004350   Data          12  inconsolata_regular_12.o(.constdata)
    font_0023                                0x0000435c   Data          12  inconsolata_regular_12.o(.constdata)
    font_0024                                0x00004368   Data          12  inconsolata_regular_12.o(.constdata)
    font_0025                                0x00004374   Data          12  inconsolata_regular_12.o(.constdata)
    font_0026                                0x00004380   Data          12  inconsolata_regular_12.o(.constdata)
    font_0027                                0x0000438c   Data          12  inconsolata_regular_12.o(.constdata)
    font_0028                                0x00004398   Data          12  inconsolata_regular_12.o(.constdata)
    font_0029                                0x000043a4   Data          12  inconsolata_regular_12.o(.constdata)
    font_002a                                0x000043b0   Data          12  inconsolata_regular_12.o(.constdata)
    font_002b                                0x000043bc   Data          12  inconsolata_regular_12.o(.constdata)
    font_002c                                0x000043c8   Data          12  inconsolata_regular_12.o(.constdata)
    font_002d                                0x000043d4   Data          12  inconsolata_regular_12.o(.constdata)
    font_002e                                0x000043e0   Data          12  inconsolata_regular_12.o(.constdata)
    font_002f                                0x000043ec   Data          12  inconsolata_regular_12.o(.constdata)
    font_0030                                0x000043f8   Data          12  inconsolata_regular_12.o(.constdata)
    font_0031                                0x00004404   Data          12  inconsolata_regular_12.o(.constdata)
    font_0032                                0x00004410   Data          12  inconsolata_regular_12.o(.constdata)
    font_0033                                0x0000441c   Data          12  inconsolata_regular_12.o(.constdata)
    font_0034                                0x00004428   Data          12  inconsolata_regular_12.o(.constdata)
    font_0035                                0x00004434   Data          12  inconsolata_regular_12.o(.constdata)
    font_0036                                0x00004440   Data          12  inconsolata_regular_12.o(.constdata)
    font_0037                                0x0000444c   Data          12  inconsolata_regular_12.o(.constdata)
    font_0038                                0x00004458   Data          12  inconsolata_regular_12.o(.constdata)
    font_0039                                0x00004464   Data          12  inconsolata_regular_12.o(.constdata)
    font_003a                                0x00004470   Data          12  inconsolata_regular_12.o(.constdata)
    font_003b                                0x0000447c   Data          12  inconsolata_regular_12.o(.constdata)
    font_003c                                0x00004488   Data          12  inconsolata_regular_12.o(.constdata)
    font_003d                                0x00004494   Data          12  inconsolata_regular_12.o(.constdata)
    font_003e                                0x000044a0   Data          12  inconsolata_regular_12.o(.constdata)
    font_003f                                0x000044ac   Data          12  inconsolata_regular_12.o(.constdata)
    font_0041                                0x000044b8   Data          12  inconsolata_regular_12.o(.constdata)
    font_0042                                0x000044c4   Data          12  inconsolata_regular_12.o(.constdata)
    font_0043                                0x000044d0   Data          12  inconsolata_regular_12.o(.constdata)
    font_0044                                0x000044dc   Data          12  inconsolata_regular_12.o(.constdata)
    font_0045                                0x000044e8   Data          12  inconsolata_regular_12.o(.constdata)
    font_0046                                0x000044f4   Data          12  inconsolata_regular_12.o(.constdata)
    font_0047                                0x00004500   Data          12  inconsolata_regular_12.o(.constdata)
    font_0048                                0x0000450c   Data          12  inconsolata_regular_12.o(.constdata)
    font_0049                                0x00004518   Data          12  inconsolata_regular_12.o(.constdata)
    font_004a                                0x00004524   Data          12  inconsolata_regular_12.o(.constdata)
    font_004b                                0x00004530   Data          12  inconsolata_regular_12.o(.constdata)
    font_004c                                0x0000453c   Data          12  inconsolata_regular_12.o(.constdata)
    font_004d                                0x00004548   Data          12  inconsolata_regular_12.o(.constdata)
    font_004e                                0x00004554   Data          12  inconsolata_regular_12.o(.constdata)
    font_004f                                0x00004560   Data          12  inconsolata_regular_12.o(.constdata)
    font_0050                                0x0000456c   Data          12  inconsolata_regular_12.o(.constdata)
    font_0051                                0x00004578   Data          12  inconsolata_regular_12.o(.constdata)
    font_0052                                0x00004584   Data          12  inconsolata_regular_12.o(.constdata)
    font_0053                                0x00004590   Data          12  inconsolata_regular_12.o(.constdata)
    font_0054                                0x0000459c   Data          12  inconsolata_regular_12.o(.constdata)
    font_0055                                0x000045a8   Data          12  inconsolata_regular_12.o(.constdata)
    font_0056                                0x000045b4   Data          12  inconsolata_regular_12.o(.constdata)
    font_0057                                0x000045c0   Data          12  inconsolata_regular_12.o(.constdata)
    font_0058                                0x000045cc   Data          12  inconsolata_regular_12.o(.constdata)
    font_0059                                0x000045d8   Data          12  inconsolata_regular_12.o(.constdata)
    font_005a                                0x000045e4   Data          12  inconsolata_regular_12.o(.constdata)
    font_005b                                0x000045f0   Data          12  inconsolata_regular_12.o(.constdata)
    font_005c                                0x000045fc   Data           6  inconsolata_regular_12.o(.constdata)
    font_005d                                0x00004602   Data          12  inconsolata_regular_12.o(.constdata)
    font_005f                                0x0000460e   Data          12  inconsolata_regular_12.o(.constdata)
    font_0061                                0x0000461a   Data          12  inconsolata_regular_12.o(.constdata)
    font_0062                                0x00004626   Data          12  inconsolata_regular_12.o(.constdata)
    font_0063                                0x00004632   Data          12  inconsolata_regular_12.o(.constdata)
    font_0064                                0x0000463e   Data          12  inconsolata_regular_12.o(.constdata)
    font_0065                                0x0000464a   Data          12  inconsolata_regular_12.o(.constdata)
    font_0066                                0x00004656   Data          12  inconsolata_regular_12.o(.constdata)
    font_0067                                0x00004662   Data          12  inconsolata_regular_12.o(.constdata)
    font_0068                                0x0000466e   Data          12  inconsolata_regular_12.o(.constdata)
    font_0069                                0x0000467a   Data          12  inconsolata_regular_12.o(.constdata)
    font_006a                                0x00004686   Data          12  inconsolata_regular_12.o(.constdata)
    font_006b                                0x00004692   Data          12  inconsolata_regular_12.o(.constdata)
    font_006c                                0x0000469e   Data          12  inconsolata_regular_12.o(.constdata)
    font_006d                                0x000046aa   Data          12  inconsolata_regular_12.o(.constdata)
    font_006e                                0x000046b6   Data          12  inconsolata_regular_12.o(.constdata)
    font_006f                                0x000046c2   Data          12  inconsolata_regular_12.o(.constdata)
    font_0070                                0x000046ce   Data          12  inconsolata_regular_12.o(.constdata)
    font_0071                                0x000046da   Data          12  inconsolata_regular_12.o(.constdata)
    font_0072                                0x000046e6   Data          12  inconsolata_regular_12.o(.constdata)
    font_0073                                0x000046f2   Data          12  inconsolata_regular_12.o(.constdata)
    font_0074                                0x000046fe   Data          12  inconsolata_regular_12.o(.constdata)
    font_0075                                0x0000470a   Data          12  inconsolata_regular_12.o(.constdata)
    font_0076                                0x00004716   Data          12  inconsolata_regular_12.o(.constdata)
    font_0077                                0x00004722   Data          12  inconsolata_regular_12.o(.constdata)
    font_0078                                0x0000472e   Data          12  inconsolata_regular_12.o(.constdata)
    font_0079                                0x0000473a   Data          12  inconsolata_regular_12.o(.constdata)
    font_007a                                0x00004746   Data          12  inconsolata_regular_12.o(.constdata)
    font_00d7                                0x00004752   Data          24  inconsolata_regular_12.o(.constdata)
    font_2713                                0x0000476a   Data          24  inconsolata_regular_12.o(.constdata)
    .constdata                               0x00004bbc   Section     1152  inconsolata_bold_22.o(.constdata)
    font_002e                                0x00004bbc   Data          36  inconsolata_bold_22.o(.constdata)
    font_0030                                0x00004be0   Data          36  inconsolata_bold_22.o(.constdata)
    font_0031                                0x00004c04   Data          36  inconsolata_bold_22.o(.constdata)
    font_0032                                0x00004c28   Data          36  inconsolata_bold_22.o(.constdata)
    font_0033                                0x00004c4c   Data          36  inconsolata_bold_22.o(.constdata)
    font_0034                                0x00004c70   Data          36  inconsolata_bold_22.o(.constdata)
    font_0035                                0x00004c94   Data          36  inconsolata_bold_22.o(.constdata)
    font_0036                                0x00004cb8   Data          36  inconsolata_bold_22.o(.constdata)
    font_0037                                0x00004cdc   Data          36  inconsolata_bold_22.o(.constdata)
    font_0038                                0x00004d00   Data          36  inconsolata_bold_22.o(.constdata)
    font_0039                                0x00004d24   Data          36  inconsolata_bold_22.o(.constdata)
    font_0041                                0x00004d48   Data          36  inconsolata_bold_22.o(.constdata)
    font_0045                                0x00004d6c   Data          36  inconsolata_bold_22.o(.constdata)
    font_0046                                0x00004d90   Data          36  inconsolata_bold_22.o(.constdata)
    font_0047                                0x00004db4   Data          36  inconsolata_bold_22.o(.constdata)
    font_004c                                0x00004dd8   Data          36  inconsolata_bold_22.o(.constdata)
    font_004e                                0x00004dfc   Data          36  inconsolata_bold_22.o(.constdata)
    font_0055                                0x00004e20   Data          36  inconsolata_bold_22.o(.constdata)
    font_0069                                0x00004e44   Data          36  inconsolata_bold_22.o(.constdata)
    font_006d                                0x00004e68   Data          36  inconsolata_bold_22.o(.constdata)
    font_006f                                0x00004e8c   Data          36  inconsolata_bold_22.o(.constdata)
    font_0070                                0x00004eb0   Data          36  inconsolata_bold_22.o(.constdata)
    font_0072                                0x00004ed4   Data          36  inconsolata_bold_22.o(.constdata)
    font_0077                                0x00004ef8   Data          36  inconsolata_bold_22.o(.constdata)
    .conststring                             0x0000503c   Section       49  extended_list.o(.conststring)
    .conststring                             0x00005070   Section      120  settings_list.o(.conststring)
    .conststring                             0x000050e8   Section       43  main_list.o(.conststring)
    .data                                    0x20000000   Section        4  interrupt.o(.data)
    .data                                    0x20000004   Section       13  flexible_button.o(.data)
    btn_head                                 0x20000004   Data           4  flexible_button.o(.data)
    button_cnt                               0x20000010   Data           1  flexible_button.o(.data)
    .data                                    0x20000012   Section        5  key.o(.data)
    g_key_value                              0x20000012   Data           2  key.o(.data)
    flag_key_main_pressed                    0x20000014   Data           1  key.o(.data)
    flag_key_up_pressed                      0x20000015   Data           1  key.o(.data)
    flag_key_down_pressed                    0x20000016   Data           1  key.o(.data)
    .data                                    0x20000018   Section        8  delay.o(.data)
    fac_us                                   0x20000018   Data           4  delay.o(.data)
    fac_ms                                   0x2000001c   Data           4  delay.o(.data)
    .data                                    0x20000020   Section        4  hmi_engine.o(.data)
    g_pstActivedEngineObject                 0x20000020   Data           4  hmi_engine.o(.data)
    .data                                    0x20000024   Section      112  extended_list.o(.data)
    s_arrstListItems                         0x20000024   Data          80  extended_list.o(.data)
    .data                                    0x20000094   Section       48  font_data.o(.data)
    .data                                    0x200000c4   Section       16  screen_proc.o(.data)
    .data                                    0x200000d4   Section      176  settings_list.o(.data)
    s_arrstListItems                         0x200000d4   Data         144  settings_list.o(.data)
    .data                                    0x20000184   Section       32  main_screen.o(.data)
    .data                                    0x200001a4   Section      148  main_list.o(.data)
    s_arrstListItems                         0x200001b8   Data          96  main_list.o(.data)
    .bss                                     0x20000238   Section     1024  oled.o(.bss)
    .bss                                     0x20000638   Section       84  key.o(.bss)
    user_button                              0x20000638   Data          84  key.o(.bss)
    .bss                                     0x2000068c   Section       80  extended_list.o(.bss)
    s_stListObject                           0x2000068c   Data          80  extended_list.o(.bss)
    .bss                                     0x200006dc   Section      148  screen_proc.o(.bss)
    .bss                                     0x20000770   Section       80  settings_list.o(.bss)
    s_stListObject                           0x20000770   Data          80  settings_list.o(.bss)
    .bss                                     0x200007c0   Section       80  main_list.o(.bss)
    s_stDemoListObject                       0x200007c0   Data          80  main_list.o(.bss)
    .bss                                     0x20000810   Section       96  libspace.o(.bss)
    HEAP                                     0x20000870   Section        0  startup_lks32mc03x.o(HEAP)
    STACK                                    0x20000870   Section     1024  startup_lks32mc03x.o(STACK)
    Heap_Mem                                 0x20000870   Data           0  startup_lks32mc03x.o(HEAP)
    Stack_Mem                                0x20000870   Data        1024  startup_lks32mc03x.o(STACK)
    __initial_sp                             0x20000c70   Data           0  startup_lks32mc03x.o(STACK)

    Global Symbols

    Symbol Name                              Value     Ov Type        Size  Object(Section)

    BuildAttributes$$THM_ISAv3M$S$PE$A:L22$X:L11$S22$IEEE1$IW$USESV6$~STKCKD$USESV7$~SHL$OSPACE$ROPI$EBA8$UX$STANDARDLIB$REQ8$PRES8$EABIv2 0x00000000   Number         0  anon$$obj.o ABSOLUTE
    __ARM_use_no_argv                        0x00000000   Number         0  main.o ABSOLUTE
    __Vectors                                0x00000000   Data           4  startup_lks32mc03x.o(RESET)
    __ARM_exceptions_init                     - Undefined Weak Reference
    __alloca_initialize                       - Undefined Weak Reference
    __arm_fini_                               - Undefined Weak Reference
    __arm_preinit_                            - Undefined Weak Reference
    __cpp_initialize__aeabi_                  - Undefined Weak Reference
    __cxa_finalize                            - Undefined Weak Reference
    __rt_locale                               - Undefined Weak Reference
    __sigvec_lookup                           - Undefined Weak Reference
    _atexit_init                              - Undefined Weak Reference
    _call_atexit_fns                          - Undefined Weak Reference
    _clock_init                               - Undefined Weak Reference
    _fp_trap_init                             - Undefined Weak Reference
    _fp_trap_shutdown                         - Undefined Weak Reference
    _get_lc_collate                           - Undefined Weak Reference
    _get_lc_ctype                             - Undefined Weak Reference
    _get_lc_monetary                          - Undefined Weak Reference
    _get_lc_numeric                           - Undefined Weak Reference
    _get_lc_time                              - Undefined Weak Reference
    _getenv_init                              - Undefined Weak Reference
    _handle_redirection                       - Undefined Weak Reference
    _init_alloc                               - Undefined Weak Reference
    _init_user_alloc                          - Undefined Weak Reference
    _initio                                   - Undefined Weak Reference
    _rand_init                                - Undefined Weak Reference
    _signal_finish                            - Undefined Weak Reference
    _signal_init                              - Undefined Weak Reference
    _terminate_alloc                          - Undefined Weak Reference
    _terminate_user_alloc                     - Undefined Weak Reference
    _terminateio                              - Undefined Weak Reference
    __Vectors_End                            0x000000c0   Data           0  startup_lks32mc03x.o(RESET)
    __Vectors_Size                           0x000000c0   Number         0  startup_lks32mc03x.o ABSOLUTE
    __main                                   0x000000c1   Thumb Code     8  __main.o(!!!main)
    __scatterload                            0x000000c9   Thumb Code     0  __scatter.o(!!!scatter)
    __scatterload_rt2                        0x000000c9   Thumb Code    52  __scatter.o(!!!scatter)
    __scatterload_rt2_thumb_only             0x000000c9   Thumb Code     0  __scatter.o(!!!scatter)
    __scatterload_null                       0x000000d9   Thumb Code     0  __scatter.o(!!!scatter)
    __scatterload_zeroinit                   0x00000105   Thumb Code    28  __scatter_zi.o(!!handler_zi)
    __rt_lib_init                            0x00000121   Thumb Code     0  libinit.o(.ARM.Collect$$libinit$$00000000)
    __rt_lib_init_alloca_1                   0x00000123   Thumb Code     0  libinit2.o(.ARM.Collect$$libinit$$0000002E)
    __rt_lib_init_argv_1                     0x00000123   Thumb Code     0  libinit2.o(.ARM.Collect$$libinit$$0000002C)
    __rt_lib_init_atexit_1                   0x00000123   Thumb Code     0  libinit2.o(.ARM.Collect$$libinit$$0000001B)
    __rt_lib_init_clock_1                    0x00000123   Thumb Code     0  libinit2.o(.ARM.Collect$$libinit$$00000021)
    __rt_lib_init_cpp_1                      0x00000123   Thumb Code     0  libinit2.o(.ARM.Collect$$libinit$$00000032)
    __rt_lib_init_exceptions_1               0x00000123   Thumb Code     0  libinit2.o(.ARM.Collect$$libinit$$00000030)
    __rt_lib_init_fp_1                       0x00000123   Thumb Code     0  libinit2.o(.ARM.Collect$$libinit$$00000002)
    __rt_lib_init_fp_trap_1                  0x00000123   Thumb Code     0  libinit2.o(.ARM.Collect$$libinit$$0000001F)
    __rt_lib_init_getenv_1                   0x00000123   Thumb Code     0  libinit2.o(.ARM.Collect$$libinit$$00000023)
    __rt_lib_init_heap_1                     0x00000123   Thumb Code     0  libinit2.o(.ARM.Collect$$libinit$$0000000A)
    __rt_lib_init_lc_collate_1               0x00000123   Thumb Code     0  libinit2.o(.ARM.Collect$$libinit$$00000011)
    __rt_lib_init_lc_ctype_1                 0x00000123   Thumb Code     0  libinit2.o(.ARM.Collect$$libinit$$00000013)
    __rt_lib_init_lc_monetary_1              0x00000123   Thumb Code     0  libinit2.o(.ARM.Collect$$libinit$$00000015)
    __rt_lib_init_lc_numeric_1               0x00000123   Thumb Code     0  libinit2.o(.ARM.Collect$$libinit$$00000017)
    __rt_lib_init_lc_time_1                  0x00000123   Thumb Code     0  libinit2.o(.ARM.Collect$$libinit$$00000019)
    __rt_lib_init_preinit_1                  0x00000123   Thumb Code     0  libinit2.o(.ARM.Collect$$libinit$$00000004)
    __rt_lib_init_rand_1                     0x00000123   Thumb Code     0  libinit2.o(.ARM.Collect$$libinit$$0000000E)
    __rt_lib_init_return                     0x00000123   Thumb Code     0  libinit2.o(.ARM.Collect$$libinit$$00000033)
    __rt_lib_init_signal_1                   0x00000123   Thumb Code     0  libinit2.o(.ARM.Collect$$libinit$$0000001D)
    __rt_lib_init_stdio_1                    0x00000123   Thumb Code     0  libinit2.o(.ARM.Collect$$libinit$$00000025)
    __rt_lib_init_user_alloc_1               0x00000123   Thumb Code     0  libinit2.o(.ARM.Collect$$libinit$$0000000C)
    __rt_lib_shutdown                        0x00000125   Thumb Code     0  libshutdown.o(.ARM.Collect$$libshutdown$$00000000)
    __rt_lib_shutdown_cpp_1                  0x00000127   Thumb Code     0  libshutdown2.o(.ARM.Collect$$libshutdown$$00000004)
    __rt_lib_shutdown_fini_1                 0x00000127   Thumb Code     0  libshutdown2.o(.ARM.Collect$$libshutdown$$00000002)
    __rt_lib_shutdown_fp_trap_1              0x00000127   Thumb Code     0  libshutdown2.o(.ARM.Collect$$libshutdown$$00000009)
    __rt_lib_shutdown_heap_1                 0x00000127   Thumb Code     0  libshutdown2.o(.ARM.Collect$$libshutdown$$00000011)
    __rt_lib_shutdown_return                 0x00000127   Thumb Code     0  libshutdown2.o(.ARM.Collect$$libshutdown$$00000012)
    __rt_lib_shutdown_signal_1               0x00000127   Thumb Code     0  libshutdown2.o(.ARM.Collect$$libshutdown$$0000000C)
    __rt_lib_shutdown_stdio_1                0x00000127   Thumb Code     0  libshutdown2.o(.ARM.Collect$$libshutdown$$00000006)
    __rt_lib_shutdown_user_alloc_1           0x00000127   Thumb Code     0  libshutdown2.o(.ARM.Collect$$libshutdown$$0000000E)
    __rt_entry                               0x00000129   Thumb Code     0  __rtentry.o(.ARM.Collect$$rtentry$$00000000)
    __rt_entry_presh_1                       0x00000129   Thumb Code     0  __rtentry2.o(.ARM.Collect$$rtentry$$00000002)
    __rt_entry_sh                            0x00000129   Thumb Code     0  __rtentry4.o(.ARM.Collect$$rtentry$$00000004)
    __rt_entry_li                            0x0000012f   Thumb Code     0  __rtentry2.o(.ARM.Collect$$rtentry$$0000000A)
    __rt_entry_postsh_1                      0x0000012f   Thumb Code     0  __rtentry2.o(.ARM.Collect$$rtentry$$00000009)
    __rt_entry_main                          0x00000133   Thumb Code     0  __rtentry2.o(.ARM.Collect$$rtentry$$0000000D)
    __rt_entry_postli_1                      0x00000133   Thumb Code     0  __rtentry2.o(.ARM.Collect$$rtentry$$0000000C)
    __rt_exit                                0x0000013b   Thumb Code     0  rtexit.o(.ARM.Collect$$rtexit$$00000000)
    __rt_exit_ls                             0x0000013d   Thumb Code     0  rtexit2.o(.ARM.Collect$$rtexit$$00000003)
    __rt_exit_prels_1                        0x0000013d   Thumb Code     0  rtexit2.o(.ARM.Collect$$rtexit$$00000002)
    __rt_exit_exit                           0x00000141   Thumb Code     0  rtexit2.o(.ARM.Collect$$rtexit$$00000004)
    __aeabi_memcpy4                          0x00000149   Thumb Code    56  rt_memcpy.o(.emb_text)
    __aeabi_memcpy8                          0x00000149   Thumb Code     0  rt_memcpy.o(.emb_text)
    main                                     0x00000181   Thumb Code    28  main.o(.text)
    delay                                    0x0000019d   Thumb Code    16  main.o(.text)
    HardFault_Handler                        0x000001ad   Thumb Code    22  interrupt.o(.text)
    SleepTimer_IRQHandler                    0x000001c3   Thumb Code     2  interrupt.o(.text)
    SW_IRQHandler                            0x000001c5   Thumb Code     2  interrupt.o(.text)
    WAKE_IRQHandler                          0x000001c7   Thumb Code     2  interrupt.o(.text)
    DMA_IRQHandler                           0x000001c9   Thumb Code     8  interrupt.o(.text)
    HALL_IRQHandler                          0x000001d1   Thumb Code     2  interrupt.o(.text)
    VC3_IRQHandler                           0x000001d3   Thumb Code     2  interrupt.o(.text)
    CSX_IRQHandler                           0x000001d5   Thumb Code     2  interrupt.o(.text)
    NSX_IRQHandler                           0x000001d7   Thumb Code     2  interrupt.o(.text)
    I2C_IRQHandler                           0x000001d9   Thumb Code     2  interrupt.o(.text)
    SPI_IRQHandler                           0x000001db   Thumb Code     2  interrupt.o(.text)
    TIMER0_IRQHandler                        0x000001dd   Thumb Code    48  interrupt.o(.text)
    TIMER1_IRQHandler                        0x0000020d   Thumb Code    20  interrupt.o(.text)
    TIMER2_IRQHandler                        0x00000221   Thumb Code     2  interrupt.o(.text)
    TIMER3_IRQHandler                        0x00000223   Thumb Code     2  interrupt.o(.text)
    ENCODER0_IRQHandler                      0x00000225   Thumb Code     2  interrupt.o(.text)
    ENCODER1_IRQHandler                      0x00000227   Thumb Code     2  interrupt.o(.text)
    GPIO_IRQHandler                          0x00000229   Thumb Code    20  interrupt.o(.text)
    ADC_IRQHandler                           0x0000023d   Thumb Code     2  interrupt.o(.text)
    MCPWM0_IRQHandler                        0x0000023f   Thumb Code    20  interrupt.o(.text)
    MCPWM1_IRQHandler                        0x00000253   Thumb Code     2  interrupt.o(.text)
    CMP_IRQHandler                           0x00000255   Thumb Code     8  interrupt.o(.text)
    Clock_Init                               0x00000281   Thumb Code    44  hardware_init.o(.text)
    SystemInit                               0x000002ad   Thumb Code     8  hardware_init.o(.text)
    GPIO_init                                0x000002b5   Thumb Code   276  hardware_init.o(.text)
    GPIO_init_ex                             0x000003c9   Thumb Code    86  hardware_init.o(.text)
    dealy                                    0x0000041f   Thumb Code    16  hardware_init.o(.text)
    UTimer_init                              0x0000042f   Thumb Code    56  hardware_init.o(.text)
    Hardware_init                            0x00000467   Thumb Code    72  hardware_init.o(.text)
    IIC_write                                0x00000541   Thumb Code   166  oled.o(.text)
    IIC_start                                0x000005e7   Thumb Code    70  oled.o(.text)
    IIC_stop                                 0x0000062d   Thumb Code    52  oled.o(.text)
    OLED_send_cmd                            0x00000661   Thumb Code    32  oled.o(.text)
    OLED_send_data                           0x00000681   Thumb Code    32  oled.o(.text)
    OLED_SetCursor                           0x000006a1   Thumb Code    46  oled.o(.text)
    oled_draw_point                          0x000006cf   Thumb Code   138  oled.o(.text)
    OLED_WriteData                           0x00000759   Thumb Code    46  oled.o(.text)
    OLED_clear_ex                            0x00000787   Thumb Code    44  oled.o(.text)
    oled_clear                               0x000007b3   Thumb Code    42  oled.o(.text)
    oled_update                              0x000007dd   Thumb Code    36  oled.o(.text)
    oled_draw_rectangle                      0x00000801   Thumb Code   144  oled.o(.text)
    oled_init                                0x00000891   Thumb Code    24  oled.o(.text)
    flex_button_register                     0x000008b5   Thumb Code   118  flexible_button.o(.text)
    flex_button_event_read                   0x00000bd5   Thumb Code    10  flexible_button.o(.text)
    flex_button_scan                         0x00000bdf   Thumb Code    12  flexible_button.o(.text)
    main_key_is_pressed                      0x00000c9b   Thumb Code     6  key.o(.text)
    up_key_is_pressed                        0x00000ca1   Thumb Code     6  key.o(.text)
    down_key_is_pressed                      0x00000ca7   Thumb Code     6  key.o(.text)
    main_key_trigger_reset                   0x00000cad   Thumb Code     8  key.o(.text)
    up_key_trigger_reset                     0x00000cb5   Thumb Code     8  key.o(.text)
    down_key_trigger_reset                   0x00000cbd   Thumb Code     8  key.o(.text)
    key_get_key_code                         0x00000cc5   Thumb Code     6  key.o(.text)
    user_button_init                         0x00000ccb   Thumb Code   114  key.o(.text)
    GPIO_Init                                0x00000d5d   Thumb Code   190  lks32mc03x_gpio.o(.text)
    GPIO_StructInit                          0x00000e1b   Thumb Code    12  lks32mc03x_gpio.o(.text)
    GPIO_ReadInputDataBit                    0x00000e27   Thumb Code    20  lks32mc03x_gpio.o(.text)
    GPIO_ReadInputData                       0x00000e3b   Thumb Code     6  lks32mc03x_gpio.o(.text)
    GPIO_ReadOutputDataBit                   0x00000e41   Thumb Code    20  lks32mc03x_gpio.o(.text)
    GPIO_ReadOutputData                      0x00000e55   Thumb Code     6  lks32mc03x_gpio.o(.text)
    GPIO_SetBits                             0x00000e5b   Thumb Code     4  lks32mc03x_gpio.o(.text)
    GPIO_ResetBits                           0x00000e5f   Thumb Code     4  lks32mc03x_gpio.o(.text)
    GPIO_WriteBit                            0x00000e63   Thumb Code    12  lks32mc03x_gpio.o(.text)
    GPIO_Write                               0x00000e6f   Thumb Code     4  lks32mc03x_gpio.o(.text)
    GPIO_PinAFConfig                         0x00000e73   Thumb Code   258  lks32mc03x_gpio.o(.text)
    EXTI_Trigger_Config                      0x00000f75   Thumb Code   432  lks32mc03x_gpio.o(.text)
    SYS_Init                                 0x0000113d   Thumb Code    54  lks32mc03x_sys.o(.text)
    SYS_StructInit                           0x00001173   Thumb Code    22  lks32mc03x_sys.o(.text)
    SYS_ClearRst                             0x00001189   Thumb Code     8  lks32mc03x_sys.o(.text)
    SYS_GetRstSource                         0x00001191   Thumb Code     6  lks32mc03x_sys.o(.text)
    SYS_ModuleClockCmd                       0x00001197   Thumb Code    38  lks32mc03x_sys.o(.text)
    SYS_AnalogModuleClockCmd                 0x000011bd   Thumb Code   106  lks32mc03x_sys.o(.text)
    SYS_SoftResetModule                      0x00001227   Thumb Code    18  lks32mc03x_sys.o(.text)
    TIM_TimerInit                            0x00001249   Thumb Code   162  lks32mc03x_timer.o(.text)
    TIM_TimerStrutInit                       0x000012eb   Thumb Code    58  lks32mc03x_timer.o(.text)
    Reset_Handler                            0x0000132d   Thumb Code    14  startup_lks32mc03x.o(.text)
    NMI_Handler                              0x0000133b   Thumb Code     2  startup_lks32mc03x.o(.text)
    SVC_Handler                              0x0000133f   Thumb Code     2  startup_lks32mc03x.o(.text)
    PendSV_Handler                           0x00001341   Thumb Code     2  startup_lks32mc03x.o(.text)
    SysTick_Handler                          0x00001343   Thumb Code     2  startup_lks32mc03x.o(.text)
    UART_IRQHandler                          0x00001345   Thumb Code     0  startup_lks32mc03x.o(.text)
    __user_initial_stackheap                 0x00001349   Thumb Code     0  startup_lks32mc03x.o(.text)
    delay_init                               0x0000136d   Thumb Code    36  delay.o(.text)
    delay_us                                 0x00001391   Thumb Code   110  delay.o(.text)
    delay_xms                                0x000013ff   Thumb Code    54  delay.o(.text)
    delay_ms                                 0x00001435   Thumb Code    58  delay.o(.text)
    IWDG_Init                                0x0000147d   Thumb Code    60  lks32mc03x_iwdg.o(.text)
    IWDG_StrutInit                           0x000014b9   Thumb Code    20  lks32mc03x_iwdg.o(.text)
    IWDG_DISABLE                             0x000014cd   Thumb Code    10  lks32mc03x_iwdg.o(.text)
    IWDG_Feed                                0x000014d7   Thumb Code    12  lks32mc03x_iwdg.o(.text)
    SGUI_Basic_DrawPoint                     0x000014f1   Thumb Code    48  sgui_basic.o(.text)
    SGUI_Basic_DrawVerticalLine              0x00001521   Thumb Code    36  sgui_basic.o(.text)
    SGUI_Basic_DrawHorizontalLine            0x00001545   Thumb Code    36  sgui_basic.o(.text)
    SGUI_Basic_FillRectangleArea             0x00001569   Thumb Code   126  sgui_basic.o(.text)
    SGUI_Basic_DrawRectangle                 0x000015e7   Thumb Code   204  sgui_basic.o(.text)
    SGUI_Basic_ClearScreen                   0x000016b3   Thumb Code    48  sgui_basic.o(.text)
    SGUI_Basic_DrawLine                      0x000016e3   Thumb Code   180  sgui_basic.o(.text)
    SGUI_Basic_DrawCircle                    0x00001797   Thumb Code   330  sgui_basic.o(.text)
    SGUI_Basic_DrawBitMap                    0x000018e1   Thumb Code   390  sgui_basic.o(.text)
    SGUI_Basic_PointIsInArea                 0x00001a67   Thumb Code    48  sgui_basic.o(.text)
    SGUI_Basic_DrawRoundedRectangle          0x00001a97   Thumb Code   708  sgui_basic.o(.text)
    SGUI_Common_AdaptDisplayInfo             0x00001d5b   Thumb Code    62  sgui_common.o(.text)
    SGUI_Common_IntegerToString              0x00001d99   Thumb Code   286  sgui_common.o(.text)
    SGUI_Common_IntegerToStringWithDecimalPoint 0x00001eb7   Thumb Code   334  sgui_common.o(.text)
    SGUI_Common_ConvertStringToUnsignedInteger 0x00002005   Thumb Code   234  sgui_common.o(.text)
    SGUI_Common_ConvertStringToInteger       0x000020ef   Thumb Code    96  sgui_common.o(.text)
    SGUI_ItemsBase_JumpItem                  0x0000214f   Thumb Code    56  sgui_itemsbase.o(.text)
    SGUI_ItemsBase_Initialize                0x00002187   Thumb Code   168  sgui_itemsbase.o(.text)
    SGUI_ItemsBase_Repaint                   0x0000222f   Thumb Code   572  sgui_itemsbase.o(.text)
    SGUI_ItemsBase_GetItem                   0x0000246b   Thumb Code    24  sgui_itemsbase.o(.text)
    SGUI_ItemsBase_GetItemExtent             0x00002483   Thumb Code   200  sgui_itemsbase.o(.text)
    SGUI_ItemsBase_Resize                    0x0000254b   Thumb Code   134  sgui_itemsbase.o(.text)
    SGUI_ItemsBase_Selecte                   0x000025d1   Thumb Code    40  sgui_itemsbase.o(.text)
    SGUI_ItemsBase_RemoveItem                0x000025f9   Thumb Code   196  sgui_itemsbase.o(.text)
    SGUI_ItemsBase_InsertItem                0x000026bd   Thumb Code   204  sgui_itemsbase.o(.text)
    SGUI_ItemsBase_CanScrollUp               0x00002789   Thumb Code    26  sgui_itemsbase.o(.text)
    SGUI_ItemsBase_CanScrollDown             0x000027a3   Thumb Code    64  sgui_itemsbase.o(.text)
    SGUI_List_Initialize                     0x000027e3   Thumb Code   126  sgui_list.o(.text)
    SGUI_List_Repaint                        0x00002861   Thumb Code   180  sgui_list.o(.text)
    SGUI_List_RepaintItems                   0x00002915   Thumb Code    40  sgui_list.o(.text)
    SGUI_List_Resize                         0x0000293d   Thumb Code   148  sgui_list.o(.text)
    SGUI_List_RemoveItem                     0x000029d1   Thumb Code    50  sgui_list.o(.text)
    SGUI_List_InsertItem                     0x00002a03   Thumb Code    54  sgui_list.o(.text)
    SGUI_ScrollBar_Initialize                0x00002a39   Thumb Code    30  sgui_scrollbar.o(.text)
    SGUI_ScrollBar_SetValue                  0x00002a57   Thumb Code    20  sgui_scrollbar.o(.text)
    SGUI_ScrollBar_Repaint                   0x00002a6b   Thumb Code   244  sgui_scrollbar.o(.text)
    SGUI_Text_GetTextExtent                  0x00002b5f   Thumb Code    78  sgui_text.o(.text)
    SGUI_Text_GetCharacterData               0x00002bad   Thumb Code   134  sgui_text.o(.text)
    SGUI_Text_DrawASCIICharacter             0x00002c33   Thumb Code    72  sgui_text.o(.text)
    SGUI_Text_DrawText                       0x00002c7b   Thumb Code   200  sgui_text.o(.text)
    SGUI_Text_DrawMultipleLinesText          0x00002d43   Thumb Code   314  sgui_text.o(.text)
    SGUI_Text_GetMultiLineTextLines          0x00002e7d   Thumb Code   100  sgui_text.o(.text)
    HMI_ActiveEngine                         0x00002f11   Thumb Code    66  hmi_engine.o(.text)
    HMI_StartEngine                          0x00002f53   Thumb Code    76  hmi_engine.o(.text)
    HMI_ProcessEvent                         0x00002f9f   Thumb Code   124  hmi_engine.o(.text)
    HMI_SwitchScreen                         0x0000301b   Thumb Code   102  hmi_engine.o(.text)
    HMI_GoBack                               0x00003081   Thumb Code    88  hmi_engine.o(.text)
    HMI_SetDeviceObject                      0x000030d9   Thumb Code    30  hmi_engine.o(.text)
    get_font                                 0x00003299   Thumb Code    10  font_data.o(.text)
    get_font_size                            0x000032a3   Thumb Code    12  font_data.o(.text)
    get_char_index                           0x000032af   Thumb Code    48  font_data.o(.text)
    step_next_char_code                      0x000032df   Thumb Code   122  font_data.o(.text)
    char_is_fullwidth                        0x00003359   Thumb Code    14  font_data.o(.text)
    get_font_half_width                      0x00003367   Thumb Code    12  font_data.o(.text)
    get_font_height                          0x00003373   Thumb Code    12  font_data.o(.text)
    get_char_data                            0x0000337f   Thumb Code   110  font_data.o(.text)
    hmi_engine_obj_init                      0x000033f1   Thumb Code   204  screen_proc.o(.text)
    key_press_event                          0x000034bd   Thumb Code    20  screen_proc.o(.text)
    gui_main_process                         0x000034d1   Thumb Code    44  screen_proc.o(.text)
    key_event_is_triggered                   0x000034fd   Thumb Code    50  screen_proc.o(.text)
    SysTickTimerEnable                       0x0000352f   Thumb Code     2  screen_proc.o(.text)
    key_value                                0x00003531   Thumb Code     2  screen_proc.o(.text)
    __aeabi_memcpy                           0x00003a39   Thumb Code   130  rt_memcpy.o(.text)
    __rt_memcpy                              0x00003a39   Thumb Code     0  rt_memcpy.o(.text)
    _memset_w                                0x00003abb   Thumb Code    26  rt_memclr.o(.text)
    _memset                                  0x00003ad5   Thumb Code    30  rt_memclr.o(.text)
    __aeabi_memclr                           0x00003af3   Thumb Code     4  rt_memclr.o(.text)
    __rt_memclr                              0x00003af3   Thumb Code     0  rt_memclr.o(.text)
    __aeabi_memclr4                          0x00003af7   Thumb Code     0  rt_memclr.o(.text)
    __aeabi_memclr8                          0x00003af7   Thumb Code     0  rt_memclr.o(.text)
    __rt_memclr_w                            0x00003af7   Thumb Code     4  rt_memclr.o(.text)
    __aeabi_uidiv                            0x00003afb   Thumb Code     0  aeabi_sdiv.o(.text)
    __aeabi_uidivmod                         0x00003afb   Thumb Code    20  aeabi_sdiv.o(.text)
    __aeabi_idiv                             0x00003b0f   Thumb Code     0  aeabi_sdiv.o(.text)
    __aeabi_idivmod                          0x00003b0f   Thumb Code   326  aeabi_sdiv.o(.text)
    __use_two_region_memory                  0x00003c55   Thumb Code     2  heapauxi.o(.text)
    __rt_heap_escrow$2region                 0x00003c57   Thumb Code     2  heapauxi.o(.text)
    __rt_heap_expand$2region                 0x00003c59   Thumb Code     2  heapauxi.o(.text)
    __user_setup_stackheap                   0x00003c5b   Thumb Code    62  sys_stackheap_outer.o(.text)
    exit                                     0x00003c99   Thumb Code    16  exit.o(.text)
    __user_libspace                          0x00003ca9   Thumb Code     8  libspace.o(.text)
    __user_perproc_libspace                  0x00003ca9   Thumb Code     0  libspace.o(.text)
    __user_perthread_libspace                0x00003ca9   Thumb Code     0  libspace.o(.text)
    _sys_exit                                0x00003cb1   Thumb Code     8  sys_exit.o(.text)
    __I$use$semihosting                      0x00003cbd   Thumb Code     0  use_no_semi.o(.text)
    __use_no_semihosting_swi                 0x00003cbd   Thumb Code     2  use_no_semi.o(.text)
    __decompress                             0x00003cbf   Thumb Code     0  __dczerorl2.o(.text)
    __decompress1                            0x00003cbf   Thumb Code    86  __dczerorl2.o(.text)
    __semihosting_library_function           0x00003cbf   Thumb Code     0  indicate_semi.o(.text)
    __ARM_common_switch8                     0x00003d15   Thumb Code    28  lks32mc03x_gpio.o(i.__ARM_common_switch8)
    OLED_init_cmd                            0x00003d30   Data          25  oled.o(.constdata)
    font_inconsolata_regular_12              0x00003d4c   Data          20  font_data.o(.constdata)
    font_inconsolata_regular_16              0x00003d60   Data          20  font_data.o(.constdata)
    font_inconsolata_bold_22                 0x00003d74   Data          20  font_data.o(.constdata)
    inconsolata_regular_16                   0x000040c8   Data         624  inconsolata_regular_16.o(.constdata)
    inconsolata_regular_12                   0x00004784   Data        1080  inconsolata_regular_12.o(.constdata)
    inconsolata_bold_22                      0x00004f1c   Data         288  inconsolata_bold_22.o(.constdata)
    Region$$Table$$Base                      0x00005114   Number         0  anon$$obj.o(Region$$Table)
    Region$$Table$$Limit                     0x00005134   Number         0  anon$$obj.o(Region$$Table)
    hBLDC_PWM_value                          0x20000000   Data           2  interrupt.o(.data)
    flag_ms                                  0x20000002   Data           2  interrupt.o(.data)
    g_logic_level                            0x20000008   Data           4  flexible_button.o(.data)
    g_btn_status_reg                         0x2000000c   Data           4  flexible_button.o(.data)
    s_stExtendedListActions                  0x20000074   Data          20  extended_list.o(.data)
    g_stHMI_extended_List                    0x20000088   Data          12  extended_list.o(.data)
    all_font_info                            0x20000094   Data          48  font_data.o(.data)
    g_arrpstScreenObjs                       0x200000c4   Data          16  screen_proc.o(.data)
    s_st_settingsListActions                 0x20000164   Data          20  settings_list.o(.data)
    g_stHMI_settings_List                    0x20000178   Data          12  settings_list.o(.data)
    s_st_main_screen_actions                 0x20000184   Data          20  main_screen.o(.data)
    g_stHMI_main_screen                      0x20000198   Data          12  main_screen.o(.data)
    password_extended                        0x200001a4   Data          20  main_list.o(.data)
    s_st_menu_ListActions                    0x20000218   Data          20  main_list.o(.data)
    g_stHMI_menu_List                        0x2000022c   Data          12  main_list.o(.data)
    OLED_DisplayBuf                          0x20000238   Data        1024  oled.o(.bss)
    g_stDeviceInterface                      0x200006dc   Data          32  screen_proc.o(.bss)
    g_stDemoEngine                           0x200006fc   Data          16  screen_proc.o(.bss)
    s_pBmpDataBuffer                         0x2000070c   Data         100  screen_proc.o(.bss)
    __libspace_start                         0x20000810   Data          96  libspace.o(.bss)
    __temporary_stack_top$libspace           0x20000870   Data           0  libspace.o(.bss)



==============================================================================

Memory Map of the image

  Image Entry point : 0x000000c1

  Load Region LR_IROM1 (Base: 0x00000000, Size: 0x0000536c, Max: 0x00008000, ABSOLUTE, COMPRESSED[0x000051f8])

    Execution Region ER_IROM1 (Exec base: 0x00000000, Load base: 0x00000000, Size: 0x00005134, Max: 0x00008000, ABSOLUTE)

    Exec Addr    Load Addr    Size         Type   Attr      Idx    E Section Name        Object

    0x00000000   0x00000000   0x000000c0   Data   RO          420    RESET               startup_lks32mc03x.o
    0x000000c0   0x000000c0   0x00000008   Code   RO          902  * !!!main             c_p.l(__main.o)
    0x000000c8   0x000000c8   0x0000003c   Code   RO         1075    !!!scatter          c_p.l(__scatter.o)
    0x00000104   0x00000104   0x0000001c   Code   RO         1077    !!handler_zi        c_p.l(__scatter_zi.o)
    0x00000120   0x00000120   0x00000002   Code   RO          940    .ARM.Collect$$libinit$$00000000  c_p.l(libinit.o)
    0x00000122   0x00000122   0x00000000   Code   RO          954    .ARM.Collect$$libinit$$00000002  c_p.l(libinit2.o)
    0x00000122   0x00000122   0x00000000   Code   RO          956    .ARM.Collect$$libinit$$00000004  c_p.l(libinit2.o)
    0x00000122   0x00000122   0x00000000   Code   RO          959    .ARM.Collect$$libinit$$0000000A  c_p.l(libinit2.o)
    0x00000122   0x00000122   0x00000000   Code   RO          961    .ARM.Collect$$libinit$$0000000C  c_p.l(libinit2.o)
    0x00000122   0x00000122   0x00000000   Code   RO          963    .ARM.Collect$$libinit$$0000000E  c_p.l(libinit2.o)
    0x00000122   0x00000122   0x00000000   Code   RO          966    .ARM.Collect$$libinit$$00000011  c_p.l(libinit2.o)
    0x00000122   0x00000122   0x00000000   Code   RO          968    .ARM.Collect$$libinit$$00000013  c_p.l(libinit2.o)
    0x00000122   0x00000122   0x00000000   Code   RO          970    .ARM.Collect$$libinit$$00000015  c_p.l(libinit2.o)
    0x00000122   0x00000122   0x00000000   Code   RO          972    .ARM.Collect$$libinit$$00000017  c_p.l(libinit2.o)
    0x00000122   0x00000122   0x00000000   Code   RO          974    .ARM.Collect$$libinit$$00000019  c_p.l(libinit2.o)
    0x00000122   0x00000122   0x00000000   Code   RO          976    .ARM.Collect$$libinit$$0000001B  c_p.l(libinit2.o)
    0x00000122   0x00000122   0x00000000   Code   RO          978    .ARM.Collect$$libinit$$0000001D  c_p.l(libinit2.o)
    0x00000122   0x00000122   0x00000000   Code   RO          980    .ARM.Collect$$libinit$$0000001F  c_p.l(libinit2.o)
    0x00000122   0x00000122   0x00000000   Code   RO          982    .ARM.Collect$$libinit$$00000021  c_p.l(libinit2.o)
    0x00000122   0x00000122   0x00000000   Code   RO          984    .ARM.Collect$$libinit$$00000023  c_p.l(libinit2.o)
    0x00000122   0x00000122   0x00000000   Code   RO          986    .ARM.Collect$$libinit$$00000025  c_p.l(libinit2.o)
    0x00000122   0x00000122   0x00000000   Code   RO          990    .ARM.Collect$$libinit$$0000002C  c_p.l(libinit2.o)
    0x00000122   0x00000122   0x00000000   Code   RO          992    .ARM.Collect$$libinit$$0000002E  c_p.l(libinit2.o)
    0x00000122   0x00000122   0x00000000   Code   RO          994    .ARM.Collect$$libinit$$00000030  c_p.l(libinit2.o)
    0x00000122   0x00000122   0x00000000   Code   RO          996    .ARM.Collect$$libinit$$00000032  c_p.l(libinit2.o)
    0x00000122   0x00000122   0x00000002   Code   RO          997    .ARM.Collect$$libinit$$00000033  c_p.l(libinit2.o)
    0x00000124   0x00000124   0x00000002   Code   RO         1028    .ARM.Collect$$libshutdown$$00000000  c_p.l(libshutdown.o)
    0x00000126   0x00000126   0x00000000   Code   RO         1054    .ARM.Collect$$libshutdown$$00000002  c_p.l(libshutdown2.o)
    0x00000126   0x00000126   0x00000000   Code   RO         1056    .ARM.Collect$$libshutdown$$00000004  c_p.l(libshutdown2.o)
    0x00000126   0x00000126   0x00000000   Code   RO         1058    .ARM.Collect$$libshutdown$$00000006  c_p.l(libshutdown2.o)
    0x00000126   0x00000126   0x00000000   Code   RO         1061    .ARM.Collect$$libshutdown$$00000009  c_p.l(libshutdown2.o)
    0x00000126   0x00000126   0x00000000   Code   RO         1064    .ARM.Collect$$libshutdown$$0000000C  c_p.l(libshutdown2.o)
    0x00000126   0x00000126   0x00000000   Code   RO         1066    .ARM.Collect$$libshutdown$$0000000E  c_p.l(libshutdown2.o)
    0x00000126   0x00000126   0x00000000   Code   RO         1069    .ARM.Collect$$libshutdown$$00000011  c_p.l(libshutdown2.o)
    0x00000126   0x00000126   0x00000002   Code   RO         1070    .ARM.Collect$$libshutdown$$00000012  c_p.l(libshutdown2.o)
    0x00000128   0x00000128   0x00000000   Code   RO          904    .ARM.Collect$$rtentry$$00000000  c_p.l(__rtentry.o)
    0x00000128   0x00000128   0x00000000   Code   RO          910    .ARM.Collect$$rtentry$$00000002  c_p.l(__rtentry2.o)
    0x00000128   0x00000128   0x00000006   Code   RO          922    .ARM.Collect$$rtentry$$00000004  c_p.l(__rtentry4.o)
    0x0000012e   0x0000012e   0x00000000   Code   RO          912    .ARM.Collect$$rtentry$$00000009  c_p.l(__rtentry2.o)
    0x0000012e   0x0000012e   0x00000004   Code   RO          913    .ARM.Collect$$rtentry$$0000000A  c_p.l(__rtentry2.o)
    0x00000132   0x00000132   0x00000000   Code   RO          915    .ARM.Collect$$rtentry$$0000000C  c_p.l(__rtentry2.o)
    0x00000132   0x00000132   0x00000008   Code   RO          916    .ARM.Collect$$rtentry$$0000000D  c_p.l(__rtentry2.o)
    0x0000013a   0x0000013a   0x00000002   Code   RO          945    .ARM.Collect$$rtexit$$00000000  c_p.l(rtexit.o)
    0x0000013c   0x0000013c   0x00000000   Code   RO         1001    .ARM.Collect$$rtexit$$00000002  c_p.l(rtexit2.o)
    0x0000013c   0x0000013c   0x00000004   Code   RO         1002    .ARM.Collect$$rtexit$$00000003  c_p.l(rtexit2.o)
    0x00000140   0x00000140   0x00000006   Code   RO         1003    .ARM.Collect$$rtexit$$00000004  c_p.l(rtexit2.o)
    0x00000146   0x00000146   0x00000002   PAD
    0x00000148   0x00000148   0x00000038   Code   RO          890    .emb_text           c_p.l(rt_memcpy.o)
    0x00000180   0x00000180   0x0000002c   Code   RO            3    .text               main.o
    0x000001ac   0x000001ac   0x000000d4   Code   RO          176    .text               interrupt.o
    0x00000280   0x00000280   0x000002c0   Code   RO          202    .text               hardware_init.o
    0x00000540   0x00000540   0x00000374   Code   RO          239    .text               oled.o
    0x000008b4   0x000008b4   0x0000034c   Code   RO          262    .text               flexible_button.o
    0x00000c00   0x00000c00   0x0000015c   Code   RO          282    .text               key.o
    0x00000d5c   0x00000d5c   0x000003e0   Code   RO          318    .text               lks32mc03x_gpio.o
    0x0000113c   0x0000113c   0x0000010c   Code   RO          360    .text               lks32mc03x_sys.o
    0x00001248   0x00001248   0x000000e4   Code   RO          380    .text               lks32mc03x_timer.o
    0x0000132c   0x0000132c   0x00000040   Code   RO          421    .text               startup_lks32mc03x.o
    0x0000136c   0x0000136c   0x00000110   Code   RO          427    .text               delay.o
    0x0000147c   0x0000147c   0x00000074   Code   RO          510    .text               lks32mc03x_iwdg.o
    0x000014f0   0x000014f0   0x0000086a   Code   RO          528    .text               sgui_basic.o
    0x00001d5a   0x00001d5a   0x000003f4   Code   RO          552    .text               sgui_common.o
    0x0000214e   0x0000214e   0x00000694   Code   RO          582    .text               sgui_itemsbase.o
    0x000027e2   0x000027e2   0x00000256   Code   RO          601    .text               sgui_list.o
    0x00002a38   0x00002a38   0x00000126   Code   RO          652    .text               sgui_scrollbar.o
    0x00002b5e   0x00002b5e   0x00000382   Code   RO          664    .text               sgui_text.o
    0x00002ee0   0x00002ee0   0x0000021c   Code   RO          683    .text               hmi_engine.o
    0x000030fc   0x000030fc   0x0000019c   Code   RO          700    .text               extended_list.o
    0x00003298   0x00003298   0x00000158   Code   RO          741    .text               font_data.o
    0x000033f0   0x000033f0   0x00000164   Code   RO          774    .text               screen_proc.o
    0x00003554   0x00003554   0x000001a0   Code   RO          804    .text               settings_list.o
    0x000036f4   0x000036f4   0x000001dc   Code   RO          837    .text               main_screen.o
    0x000038d0   0x000038d0   0x00000168   Code   RO          868    .text               main_list.o
    0x00003a38   0x00003a38   0x00000082   Code   RO          891    .text               c_p.l(rt_memcpy.o)
    0x00003aba   0x00003aba   0x00000040   Code   RO          894    .text               c_p.l(rt_memclr.o)
    0x00003afa   0x00003afa   0x0000015a   Code   RO          896    .text               c_p.l(aeabi_sdiv.o)
    0x00003c54   0x00003c54   0x00000006   Code   RO          900    .text               c_p.l(heapauxi.o)
    0x00003c5a   0x00003c5a   0x0000003e   Code   RO          926    .text               c_p.l(sys_stackheap_outer.o)
    0x00003c98   0x00003c98   0x00000010   Code   RO          929    .text               c_p.l(exit.o)
    0x00003ca8   0x00003ca8   0x00000008   Code   RO          941    .text               c_p.l(libspace.o)
    0x00003cb0   0x00003cb0   0x0000000c   Code   RO          998    .text               c_p.l(sys_exit.o)
    0x00003cbc   0x00003cbc   0x00000002   Code   RO         1017    .text               c_p.l(use_no_semi.o)
    0x00003cbe   0x00003cbe   0x00000000   Code   RO         1019    .text               c_p.l(indicate_semi.o)
    0x00003cbe   0x00003cbe   0x00000056   Code   RO         1073    .text               c_p.l(__dczerorl2.o)
    0x00003d14   0x00003d14   0x0000001c   Code   RO          333    i.__ARM_common_switch8  lks32mc03x_gpio.o
    0x00003d30   0x00003d30   0x00000019   Data   RO          241    .constdata          oled.o
    0x00003d49   0x00003d49   0x00000003   PAD
    0x00003d4c   0x00003d4c   0x0000003c   Data   RO          742    .constdata          font_data.o
    0x00003d88   0x00003d88   0x000005b0   Data   RO          761    .constdata          inconsolata_regular_16.o
    0x00004338   0x00004338   0x00000884   Data   RO          824    .constdata          inconsolata_regular_12.o
    0x00004bbc   0x00004bbc   0x00000480   Data   RO          855    .constdata          inconsolata_bold_22.o
    0x0000503c   0x0000503c   0x00000031   Data   RO          702    .conststring        extended_list.o
    0x0000506d   0x0000506d   0x00000003   PAD
    0x00005070   0x00005070   0x00000078   Data   RO          806    .conststring        settings_list.o
    0x000050e8   0x000050e8   0x0000002b   Data   RO          870    .conststring        main_list.o
    0x00005113   0x00005113   0x00000001   PAD
    0x00005114   0x00005114   0x00000020   Data   RO         1071    Region$$Table       anon$$obj.o


    Execution Region RW_IRAM1 (Exec base: 0x20000000, Load base: 0x00005134, Size: 0x00000c70, Max: 0x00001000, ABSOLUTE, COMPRESSED[0x000000c4])

    Exec Addr    Load Addr    Size         Type   Attr      Idx    E Section Name        Object

    0x20000000   COMPRESSED   0x00000004   Data   RW          177    .data               interrupt.o
    0x20000004   COMPRESSED   0x0000000d   Data   RW          263    .data               flexible_button.o
    0x20000011   COMPRESSED   0x00000001   PAD
    0x20000012   COMPRESSED   0x00000005   Data   RW          284    .data               key.o
    0x20000017   COMPRESSED   0x00000001   PAD
    0x20000018   COMPRESSED   0x00000008   Data   RW          428    .data               delay.o
    0x20000020   COMPRESSED   0x00000004   Data   RW          684    .data               hmi_engine.o
    0x20000024   COMPRESSED   0x00000070   Data   RW          703    .data               extended_list.o
    0x20000094   COMPRESSED   0x00000030   Data   RW          743    .data               font_data.o
    0x200000c4   COMPRESSED   0x00000010   Data   RW          776    .data               screen_proc.o
    0x200000d4   COMPRESSED   0x000000b0   Data   RW          807    .data               settings_list.o
    0x20000184   COMPRESSED   0x00000020   Data   RW          838    .data               main_screen.o
    0x200001a4   COMPRESSED   0x00000094   Data   RW          871    .data               main_list.o
    0x20000238        -       0x00000400   Zero   RW          240    .bss                oled.o
    0x20000638        -       0x00000054   Zero   RW          283    .bss                key.o
    0x2000068c        -       0x00000050   Zero   RW          701    .bss                extended_list.o
    0x200006dc        -       0x00000094   Zero   RW          775    .bss                screen_proc.o
    0x20000770        -       0x00000050   Zero   RW          805    .bss                settings_list.o
    0x200007c0        -       0x00000050   Zero   RW          869    .bss                main_list.o
    0x20000810        -       0x00000060   Zero   RW          942    .bss                c_p.l(libspace.o)
    0x20000870        -       0x00000000   Zero   RW          419    HEAP                startup_lks32mc03x.o
    0x20000870        -       0x00000400   Zero   RW          418    STACK               startup_lks32mc03x.o


==============================================================================

Image component sizes


      Code (inc. data)   RO Data    RW Data    ZI Data      Debug   Object Name

       272         14          0          8          0       1473   delay.o
       412         52         49        112         80       5904   extended_list.o
       844         22          0         13          0       3880   flexible_button.o
       344          4         60         48          0       4281   font_data.o
       704         36          0          0          0       7479   hardware_init.o
       540          6          0          4          0       4896   hmi_engine.o
         0          0       1152          0          0       2399   inconsolata_bold_22.o
         0          0       2180          0          0       4451   inconsolata_regular_12.o
         0          0       1456          0          0       3271   inconsolata_regular_16.o
       212         36          0          4          0       8838   interrupt.o
       348         32          0          5         84       2721   key.o
      1020         68          0          0          0       3790   lks32mc03x_gpio.o
       116         14          0          0          0       1182   lks32mc03x_iwdg.o
       268         16          0          0          0       1932   lks32mc03x_sys.o
       228          8          0          0          0       1147   lks32mc03x_timer.o
        44          0          0          0          0      31181   main.o
       360         24         43        148         80       2892   main_list.o
       476         40          0         32          0       2511   main_screen.o
       884         12         25          0       1024       4095   oled.o
       356         34          0         16        148       7468   screen_proc.o
       416         54        120        176         80       2813   settings_list.o
      2154          0          0          0          0      11047   sgui_basic.o
      1012          0          0          0          0       4153   sgui_common.o
      1684          0          0          0          0       7324   sgui_itemsbase.o
       598          0          0          0          0       4535   sgui_list.o
       294          0          0          0          0       1591   sgui_scrollbar.o
       898          0          0          0          0       4373   sgui_text.o
        64         28        192          0       1024        604   startup_lks32mc03x.o

    ----------------------------------------------------------------------
     14548        500       5316        568       2520     142231   Object Totals
         0          0         32          0          0          0   (incl. Generated)
         0          0          7          2          0          0   (incl. Padding)

    ----------------------------------------------------------------------

      Code (inc. data)   RO Data    RW Data    ZI Data      Debug   Library Member Name

        86          0          0          0          0          0   __dczerorl2.o
         8          0          0          0          0         68   __main.o
         0          0          0          0          0          0   __rtentry.o
        12          0          0          0          0          0   __rtentry2.o
         6          0          0          0          0          0   __rtentry4.o
        60          8          0          0          0          0   __scatter.o
        28          0          0          0          0          0   __scatter_zi.o
       346          0          0          0          0         92   aeabi_sdiv.o
        16          0          0          0          0         68   exit.o
         6          0          0          0          0        136   heapauxi.o
         0          0          0          0          0          0   indicate_semi.o
         2          0          0          0          0          0   libinit.o
         2          0          0          0          0          0   libinit2.o
         2          0          0          0          0          0   libshutdown.o
         2          0          0          0          0          0   libshutdown2.o
         8          4          0          0         96         68   libspace.o
        64          0          0          0          0        108   rt_memclr.o
       186          0          0          0          0        144   rt_memcpy.o
         2          0          0          0          0          0   rtexit.o
        10          0          0          0          0          0   rtexit2.o
        12          4          0          0          0         60   sys_exit.o
        62          0          0          0          0         80   sys_stackheap_outer.o
         2          0          0          0          0         68   use_no_semi.o

    ----------------------------------------------------------------------
       924         16          0          0         96        892   Library Totals
         2          0          0          0          0          0   (incl. Padding)

    ----------------------------------------------------------------------

      Code (inc. data)   RO Data    RW Data    ZI Data      Debug   Library Name

       922         16          0          0         96        892   c_p.l

    ----------------------------------------------------------------------
       924         16          0          0         96        892   Library Totals

    ----------------------------------------------------------------------

==============================================================================


      Code (inc. data)   RO Data    RW Data    ZI Data      Debug   

     15472        516       5316        568       2616     140995   Grand Totals
     15472        516       5316        196       2616     140995   ELF Image Totals (compressed)
     15472        516       5316        196          0          0   ROM Totals

==============================================================================

    Total RO  Size (Code + RO Data)                20788 (  20.30kB)
    Total RW  Size (RW Data + ZI Data)              3184 (   3.11kB)
    Total ROM Size (Code + RO Data + RW Data)      20984 (  20.49kB)

==============================================================================

