Component: ARM Compiler 5.06 update 7 (build 960) Tool: armlink [4d3601]

==============================================================================

Section Cross References

    main.o(.text) refers to hardware_init.o(.text) for Clock_Init
    main.o(.text) refers to oled.o(.text) for oled_init
    main.o(.text) refers to key.o(.text) for user_button_init
    main.o(.text) refers to screen_proc.o(.text) for InitializeHMIEngineObj
    main.o(.text) refers to global_variable.o(.data) for gTimeBaseFlg
    main.o(.text) refers to main.o(.data) for TimeCnt1ms
    interrupt.o(.text) refers to flexible_button.o(.text) for flex_button_scan
    interrupt.o(.text) refers to interrupt.o(.data) for Uart0_Buff
    interrupt.o(.text) refers to global_variable.o(.data) for gTimeBaseFlg
    hardware_init.o(.text) refers to lks32mc03x_gpio.o(.text) for GPIO_StructInit
    hardware_init.o(.text) refers to lks32mc03x_timer.o(.text) for TIM_TimerStrutInit
    hardware_init.o(.text) refers to lks32mc03x_iwdg.o(.text) for IWDG_DISABLE
    oled.o(.text) refers to delay.o(.text) for delay_us
    oled.o(.text) refers to rt_memclr.o(.text) for __aeabi_memclr4
    oled.o(.text) refers to oled.o(.bss) for OLED_DisplayBuf
    oled.o(.text) refers to oled.o(.constdata) for OLED_init_cmd
    flexible_button.o(.text) refers to flexible_button.o(.data) for btn_head
    key.o(.text) refers to lks32mc03x_gpio.o(.text) for GPIO_ReadInputDataBit
    key.o(.text) refers to flexible_button.o(.text) for flex_button_event_read
    key.o(.text) refers to rt_memclr.o(.text) for __aeabi_memclr4
    key.o(.text) refers to key.o(.bss) for user_button
    key.o(.text) refers to key.o(.data) for flag_key_main_pressed
    lks32mc03x_gpio.o(.text) refers to lks32mc03x_gpio.o(i.__ARM_common_switch8) for __ARM_common_switch8
    lks32mc03x_i2c.o(.text) refers to lks32mc03x_sys.o(.text) for SYS_ModuleClockCmd
    lks32mc03x_timer.o(.text) refers to lks32mc03x_sys.o(.text) for SYS_ModuleClockCmd
    lks32mc03x_uart.o(.text) refers to lks32mc03x_sys.o(.text) for SYS_ModuleClockCmd
    lks32mc03x_uart.o(.text) refers to aeabi_sdiv.o(.text) for __aeabi_uidivmod
    startup_lks32mc03x.o(STACK) refers (Special) to heapauxi.o(.text) for __use_two_region_memory
    startup_lks32mc03x.o(HEAP) refers (Special) to heapauxi.o(.text) for __use_two_region_memory
    startup_lks32mc03x.o(RESET) refers (Special) to heapauxi.o(.text) for __use_two_region_memory
    startup_lks32mc03x.o(RESET) refers to startup_lks32mc03x.o(STACK) for __initial_sp
    startup_lks32mc03x.o(RESET) refers to startup_lks32mc03x.o(.text) for Reset_Handler
    startup_lks32mc03x.o(RESET) refers to interrupt.o(.text) for NMI_Handler
    startup_lks32mc03x.o(.text) refers (Special) to heapauxi.o(.text) for __use_two_region_memory
    startup_lks32mc03x.o(.text) refers to startup_lks32mc03x.o(STACK) for __initial_sp
    startup_lks32mc03x.o(.text) refers to hardware_init.o(.text) for SystemInit
    startup_lks32mc03x.o(.text) refers to __main.o(!!!main) for __main
    startup_lks32mc03x.o(.text) refers to startup_lks32mc03x.o(HEAP) for Heap_Mem
    delay.o(.text) refers to aeabi_sdiv.o(.text) for __aeabi_uidivmod
    delay.o(.text) refers to delay.o(.data) for fac_us
    sgui_common.o(.text) refers to aeabi_sdiv.o(.text) for __aeabi_uidivmod
    sgui_itemsbase.o(.text) refers to rt_memcpy.o(.text) for __aeabi_memcpy
    sgui_itemsbase.o(.text) refers to aeabi_sdiv.o(.text) for __aeabi_idivmod
    sgui_itemsbase.o(.text) refers to sgui_basic.o(.text) for SGUI_Basic_DrawRectangle
    sgui_itemsbase.o(.text) refers to sgui_text.o(.text) for SGUI_Text_DrawText
    sgui_list.o(.text) refers to rt_memcpy.o(.text) for __aeabi_memcpy
    sgui_list.o(.text) refers to sgui_itemsbase.o(.text) for SGUI_ItemsBase_Initialize
    sgui_list.o(.text) refers to sgui_basic.o(.text) for SGUI_Basic_DrawRectangle
    sgui_list.o(.text) refers to sgui_text.o(.text) for SGUI_Text_DrawText
    sgui_list.o(.text) refers to sgui_scrollbar.o(.text) for SGUI_ScrollBar_SetValue
    sgui_menu.o(.text) refers to rt_memcpy.o(.text) for __aeabi_memcpy
    sgui_menu.o(.text) refers to sgui_itemsbase.o(.text) for SGUI_ItemsBase_Initialize
    sgui_menu.o(.text) refers to sgui_basic.o(.text) for SGUI_Basic_DrawRectangle
    sgui_menu.o(.text) refers to sgui_menu.o(.constdata) for SGUI_MENU_ICON_MOVEUP
    sgui_notice.o(.text) refers to sgui_basic.o(.text) for SGUI_Basic_DrawRectangle
    sgui_notice.o(.text) refers to sgui_text.o(.text) for SGUI_Text_DrawMultipleLinesText
    sgui_scrollbar.o(.text) refers to sgui_basic.o(.text) for SGUI_Basic_DrawRectangle
    sgui_scrollbar.o(.text) refers to aeabi_sdiv.o(.text) for __aeabi_uidivmod
    sgui_text.o(.text) refers to sgui_basic.o(.text) for SGUI_Basic_DrawBitMap
    sgui_text.o(.text) refers to sgui_common.o(.text) for SGUI_Common_AdaptDisplayInfo
    sgui_text.o(.data) refers to sgui_text.o(.conststring) for .conststring
[...]
    Removing sgui_text.o(.data), (4 bytes).

35 unused section(s) (total 1818 bytes) removed from the image.

==============================================================================

Image Symbol Table

    Local Symbols

    Symbol Name                              Value     Ov Type        Size  Object(Section)

    RESET                                    0x00000000   Section      192  startup_lks32mc03x.o(RESET)
    ../clib/../cmprslib/zerorunl2.c          0x00000000   Number         0  __dczerorl2.o ABSOLUTE
    ../clib/angel/boardlib.s                 0x00000000   Number         0  boardinit2.o ABSOLUTE
    ../clib/angel/boardlib.s                 0x00000000   Number         0  boardinit3.o ABSOLUTE
    ../clib/angel/boardlib.s                 0x00000000   Number         0  boardinit1.o ABSOLUTE
    ../clib/angel/boardlib.s                 0x00000000   Number         0  boardshut.o ABSOLUTE
    ../clib/angel/handlers.s                 0x00000000   Number         0  __scatter_zi.o ABSOLUTE
    ../clib/angel/kernel.s                   0x00000000   Number         0  rtexit2.o ABSOLUTE
    ../clib/angel/kernel.s                   0x00000000   Number         0  rtexit.o ABSOLUTE
    ../clib/angel/kernel.s                   0x00000000   Number         0  __rtentry4.o ABSOLUTE
    ../clib/angel/kernel.s                   0x00000000   Number         0  __rtentry2.o ABSOLUTE
    ../clib/angel/kernel.s                   0x00000000   Number         0  __rtentry.o ABSOLUTE
    ../clib/angel/rt.s                       0x00000000   Number         0  rt_raise.o ABSOLUTE
    ../clib/angel/rt.s                       0x00000000   Number         0  rt_div0.o ABSOLUTE
    ../clib/angel/rt.s                       0x00000000   Number         0  aeabi_idiv0_sigfpe.o ABSOLUTE
    ../clib/angel/rt.s                       0x00000000   Number         0  aeabi_idiv0.o ABSOLUTE
    ../clib/angel/scatterp.s                 0x00000000   Number         0  __scatter.o ABSOLUTE
    ../clib/angel/startup.s                  0x00000000   Number         0  __main.o ABSOLUTE
    ../clib/angel/sys.s                      0x00000000   Number         0  tempstk.o ABSOLUTE
    ../clib/angel/sys.s                      0x00000000   Number         0  libspace.o ABSOLUTE
    ../clib/angel/sys.s                      0x00000000   Number         0  sys_stackheap_outer.o ABSOLUTE
    ../clib/angel/sys.s                      0x00000000   Number         0  indicate_semi.o ABSOLUTE
    ../clib/angel/sys.s                      0x00000000   Number         0  use_no_semi.o ABSOLUTE
    ../clib/angel/sysapp.c                   0x00000000   Number         0  sys_exit.o ABSOLUTE
    ../clib/angel/sysapp.c                   0x00000000   Number         0  sys_command.o ABSOLUTE
    ../clib/angel/sysapp.c                   0x00000000   Number         0  sys_wrch.o ABSOLUTE
    ../clib/armsys.c                         0x00000000   Number         0  _get_argv_nomalloc.o ABSOLUTE
    ../clib/armsys.c                         0x00000000   Number         0  no_argv.o ABSOLUTE
    ../clib/armsys.c                         0x00000000   Number         0  argv_veneer.o ABSOLUTE
    ../clib/division.s                       0x00000000   Number         0  aeabi_sdiv.o ABSOLUTE
    ../clib/division.s                       0x00000000   Number         0  aeabi_sdiv_div0.o ABSOLUTE
    ../clib/heapalloc.c                      0x00000000   Number         0  hrguard.o ABSOLUTE
    ../clib/heapaux.c                        0x00000000   Number         0  heapauxi.o ABSOLUTE
    ../clib/libinit.s                        0x00000000   Number         0  libinit2.o ABSOLUTE
    ../clib/libinit.s                        0x00000000   Number         0  libinit.o ABSOLUTE
    ../clib/libinit.s                        0x00000000   Number         0  libshutdown.o ABSOLUTE
    ../clib/libinit.s                        0x00000000   Number         0  libshutdown2.o ABSOLUTE
    ../clib/memcpset.c                       0x00000000   Number         0  rt_memcpy.o ABSOLUTE
    ../clib/memcpset.c                       0x00000000   Number         0  rt_memclr.o ABSOLUTE
    ../clib/memcpset.c                       0x00000000   Number         0  rt_memcpy.o ABSOLUTE
    ../clib/signal.c                         0x00000000   Number         0  defsig_abrt_inner.o ABSOLUTE
    ../clib/signal.c                         0x00000000   Number         0  __raise.o ABSOLUTE
    ../clib/signal.c                         0x00000000   Number         0  defsig_segv_inner.o ABSOLUTE
    ../clib/signal.c                         0x00000000   Number         0  defsig_other.o ABSOLUTE
    ../clib/signal.c                         0x00000000   Number         0  defsig_pvfn_inner.o ABSOLUTE
    ../clib/signal.c                         0x00000000   Number         0  defsig_fpe_inner.o ABSOLUTE
    ../clib/signal.c                         0x00000000   Number         0  defsig_rtred_inner.o ABSOLUTE
    ../clib/signal.c                         0x00000000   Number         0  defsig_exit.o ABSOLUTE
    ../clib/signal.c                         0x00000000   Number         0  defsig_stak_inner.o ABSOLUTE
    ../clib/signal.c                         0x00000000   Number         0  defsig_rtmem_inner.o ABSOLUTE
    ../clib/signal.c                         0x00000000   Number         0  defsig_rtmem_outer.o ABSOLUTE
    ../clib/signal.c                         0x00000000   Number         0  defsig_general.o ABSOLUTE
    ../clib/signal.c                         0x00000000   Number         0  defsig_rtmem_formal.o ABSOLUTE
    ../clib/signal.c                         0x00000000   Number         0  defsig_fpe_outer.o ABSOLUTE
    ../clib/signal.c                         0x00000000   Number         0  defsig_fpe_formal.o ABSOLUTE
    ../clib/signal.c                         0x00000000   Number         0  defsig_cppl_inner.o ABSOLUTE
    ../clib/signal.s                         0x00000000   Number         0  defsig.o ABSOLUTE
    ../clib/stdlib.c                         0x00000000   Number         0  exit.o ABSOLUTE
    ../fplib/cfplib/fpinit.c                 0x00000000   Number         0  fpinit.o ABSOLUTE
    Include\startup_lks32mc03x.s             0x00000000   Number         0  startup_lks32mc03x.o ABSOLUTE
    LKS32MC03x_Periph_Driver\Source\delay.c  0x00000000   Number         0  delay.o ABSOLUTE
    LKS32MC03x_Periph_Driver\Source\lks32mc03x_I2C.c 0x00000000   Number         0  lks32mc03x_i2c.o ABSOLUTE
    LKS32MC03x_Periph_Driver\Source\lks32mc03x_IWDG.c 0x00000000   Number         0  lks32mc03x_iwdg.o ABSOLUTE
    LKS32MC03x_Periph_Driver\Source\lks32mc03x_gpio.c 0x00000000   Number         0  lks32mc03x_gpio.o ABSOLUTE
    LKS32MC03x_Periph_Driver\Source\lks32mc03x_sys.c 0x00000000   Number         0  lks32mc03x_sys.o ABSOLUTE
    LKS32MC03x_Periph_Driver\Source\lks32mc03x_timer.c 0x00000000   Number         0  lks32mc03x_timer.o ABSOLUTE
    LKS32MC03x_Periph_Driver\Source\lks32mc03x_uart.c 0x00000000   Number         0  lks32mc03x_uart.o ABSOLUTE
    LKS32MC03x_Periph_Driver\\Source\\delay.c 0x00000000   Number         0  delay.o ABSOLUTE
    LKS32MC03x_Periph_Driver\\Source\\lks32mc03x_I2C.c 0x00000000   Number         0  lks32mc03x_i2c.o ABSOLUTE
    LKS32MC03x_Periph_Driver\\Source\\lks32mc03x_IWDG.c 0x00000000   Number         0  lks32mc03x_iwdg.o ABSOLUTE
    LKS32MC03x_Periph_Driver\\Source\\lks32mc03x_gpio.c 0x00000000   Number         0  lks32mc03x_gpio.o ABSOLUTE
    LKS32MC03x_Periph_Driver\\Source\\lks32mc03x_sys.c 0x00000000   Number         0  lks32mc03x_sys.o ABSOLUTE
    LKS32MC03x_Periph_Driver\\Source\\lks32mc03x_timer.c 0x00000000   Number         0  lks32mc03x_timer.o ABSOLUTE
    LKS32MC03x_Periph_Driver\\Source\\lks32mc03x_uart.c 0x00000000   Number         0  lks32mc03x_uart.o ABSOLUTE
    Source\Global_Variable.c                 0x00000000   Number         0  global_variable.o ABSOLUTE
    Source\\Global_Variable.c                0x00000000   Number         0  global_variable.o ABSOLUTE
    Source\\hardware_init.c                  0x00000000   Number         0  hardware_init.o ABSOLUTE
    Source\\interrupt.c                      0x00000000   Number         0  interrupt.o ABSOLUTE
    Source\\key\\key.c                       0x00000000   Number         0  key.o ABSOLUTE
    Source\\main.c                           0x00000000   Number         0  main.o ABSOLUTE
    Source\\oled.c                           0x00000000   Number         0  oled.o ABSOLUTE
    Source\hardware_init.c                   0x00000000   Number         0  hardware_init.o ABSOLUTE
    Source\interrupt.c                       0x00000000   Number         0  interrupt.o ABSOLUTE
    Source\key\flexible_button.c             0x00000000   Number         0  flexible_button.o ABSOLUTE
    Source\key\key.c                         0x00000000   Number         0  key.o ABSOLUTE
    Source\main.c                            0x00000000   Number         0  main.o ABSOLUTE
    Source\oled.c                            0x00000000   Number         0  oled.o ABSOLUTE
    Source\simple_gui\GUI\src\SGUI_Basic.c   0x00000000   Number         0  sgui_basic.o ABSOLUTE
    Source\simple_gui\GUI\src\SGUI_Common.c  0x00000000   Number         0  sgui_common.o ABSOLUTE
    Source\simple_gui\GUI\src\SGUI_IconResource.c 0x00000000   Number         0  sgui_iconresource.o ABSOLUTE
    Source\simple_gui\GUI\src\SGUI_Interface.c 0x00000000   Number         0  sgui_interface.o ABSOLUTE
    Source\simple_gui\GUI\src\SGUI_ItemsBase.c 0x00000000   Number         0  sgui_itemsbase.o ABSOLUTE
    Source\simple_gui\GUI\src\SGUI_List.c    0x00000000   Number         0  sgui_list.o ABSOLUTE
    Source\simple_gui\GUI\src\SGUI_Menu.c    0x00000000   Number         0  sgui_menu.o ABSOLUTE
    Source\simple_gui\GUI\src\SGUI_Notice.c  0x00000000   Number         0  sgui_notice.o ABSOLUTE
    Source\simple_gui\GUI\src\SGUI_ScrollBar.c 0x00000000   Number         0  sgui_scrollbar.o ABSOLUTE
    Source\simple_gui\GUI\src\SGUI_Text.c    0x00000000   Number         0  sgui_text.o ABSOLUTE
    Source\simple_gui\HMI\src\HMI_Engine.c   0x00000000   Number         0  hmi_engine.o ABSOLUTE
    Source\simple_gui\usr_screen\src\extended_list.c 0x00000000   Number         0  extended_list.o ABSOLUTE
    Source\simple_gui\usr_screen\src\font_data.c 0x00000000   Number         0  font_data.o ABSOLUTE
    Source\simple_gui\usr_screen\src\inconsolata_bold_20.c 0x00000000   Number         0  inconsolata_bold_20.o ABSOLUTE
    Source\simple_gui\usr_screen\src\inconsolata_regular_12.c 0x00000000   Number         0  inconsolata_regular_12.o ABSOLUTE
    Source\simple_gui\usr_screen\src\inconsolata_regular_16.c 0x00000000   Number         0  inconsolata_regular_16.o ABSOLUTE
    Source\simple_gui\usr_screen\src\list_demo.c 0x00000000   Number         0  list_demo.o ABSOLUTE
    Source\simple_gui\usr_screen\src\screen_proc.c 0x00000000   Number         0  screen_proc.o ABSOLUTE
    Source\simple_gui\usr_screen\src\settings_list.c 0x00000000   Number         0  settings_list.o ABSOLUTE
    dc.s                                     0x00000000   Number         0  dc.o ABSOLUTE
    !!!main                                  0x000000c0   Section        8  __main.o(!!!main)
    !!!scatter                               0x000000c8   Section       60  __scatter.o(!!!scatter)
    !!handler_zi                             0x00000104   Section       28  __scatter_zi.o(!!handler_zi)
    .ARM.Collect$$libinit$$00000000          0x00000120   Section        2  libinit.o(.ARM.Collect$$libinit$$00000000)
    .ARM.Collect$$libinit$$00000002          0x00000122   Section        0  libinit2.o(.ARM.Collect$$libinit$$00000002)
    .ARM.Collect$$libinit$$00000004          0x00000122   Section        0  libinit2.o(.ARM.Collect$$libinit$$00000004)
    .ARM.Collect$$libinit$$0000000A          0x00000122   Section        0  libinit2.o(.ARM.Collect$$libinit$$0000000A)
    .ARM.Collect$$libinit$$0000000C          0x00000122   Section        0  libinit2.o(.ARM.Collect$$libinit$$0000000C)
    .ARM.Collect$$libinit$$0000000E          0x00000122   Section        0  libinit2.o(.ARM.Collect$$libinit$$0000000E)
    .ARM.Collect$$libinit$$00000011          0x00000122   Section        0  libinit2.o(.ARM.Collect$$libinit$$00000011)
    .ARM.Collect$$libinit$$00000013          0x00000122   Section        0  libinit2.o(.ARM.Collect$$libinit$$00000013)
    .ARM.Collect$$libinit$$00000015          0x00000122   Section        0  libinit2.o(.ARM.Collect$$libinit$$00000015)
    .ARM.Collect$$libinit$$00000017          0x00000122   Section        0  libinit2.o(.ARM.Collect$$libinit$$00000017)
    .ARM.Collect$$libinit$$00000019          0x00000122   Section        0  libinit2.o(.ARM.Collect$$libinit$$00000019)
    .ARM.Collect$$libinit$$0000001B          0x00000122   Section        0  libinit2.o(.ARM.Collect$$libinit$$0000001B)
    .ARM.Collect$$libinit$$0000001D          0x00000122   Section        0  libinit2.o(.ARM.Collect$$libinit$$0000001D)
    .ARM.Collect$$libinit$$0000001F          0x00000122   Section        0  libinit2.o(.ARM.Collect$$libinit$$0000001F)
    .ARM.Collect$$libinit$$00000021          0x00000122   Section        0  libinit2.o(.ARM.Collect$$libinit$$00000021)
    .ARM.Collect$$libinit$$00000023          0x00000122   Section        0  libinit2.o(.ARM.Collect$$libinit$$00000023)
    .ARM.Collect$$libinit$$00000025          0x00000122   Section        0  libinit2.o(.ARM.Collect$$libinit$$00000025)
    .ARM.Collect$$libinit$$0000002C          0x00000122   Section        0  libinit2.o(.ARM.Collect$$libinit$$0000002C)
    .ARM.Collect$$libinit$$0000002E          0x00000122   Section        0  libinit2.o(.ARM.Collect$$libinit$$0000002E)
    .ARM.Collect$$libinit$$00000030          0x00000122   Section        0  libinit2.o(.ARM.Collect$$libinit$$00000030)
    .ARM.Collect$$libinit$$00000032          0x00000122   Section        0  libinit2.o(.ARM.Collect$$libinit$$00000032)
    .ARM.Collect$$libinit$$00000033          0x00000122   Section        2  libinit2.o(.ARM.Collect$$libinit$$00000033)
    .ARM.Collect$$libshutdown$$00000000      0x00000124   Section        2  libshutdown.o(.ARM.Collect$$libshutdown$$00000000)
    .ARM.Collect$$libshutdown$$00000002      0x00000126   Section        0  libshutdown2.o(.ARM.Collect$$libshutdown$$00000002)
    .ARM.Collect$$libshutdown$$00000004      0x00000126   Section        0  libshutdown2.o(.ARM.Collect$$libshutdown$$00000004)
    .ARM.Collect$$libshutdown$$00000006      0x00000126   Section        0  libshutdown2.o(.ARM.Collect$$libshutdown$$00000006)
    .ARM.Collect$$libshutdown$$00000009      0x00000126   Section        0  libshutdown2.o(.ARM.Collect$$libshutdown$$00000009)
    .ARM.Collect$$libshutdown$$0000000C      0x00000126   Section        0  libshutdown2.o(.ARM.Collect$$libshutdown$$0000000C)
    .ARM.Collect$$libshutdown$$0000000E      0x00000126   Section        0  libshutdown2.o(.ARM.Collect$$libshutdown$$0000000E)
    .ARM.Collect$$libshutdown$$00000011      0x00000126   Section        0  libshutdown2.o(.ARM.Collect$$libshutdown$$00000011)
    .ARM.Collect$$libshutdown$$00000012      0x00000126   Section        2  libshutdown2.o(.ARM.Collect$$libshutdown$$00000012)
    .ARM.Collect$$rtentry$$00000000          0x00000128   Section        0  __rtentry.o(.ARM.Collect$$rtentry$$00000000)
    .ARM.Collect$$rtentry$$00000002          0x00000128   Section        0  __rtentry2.o(.ARM.Collect$$rtentry$$00000002)
    .ARM.Collect$$rtentry$$00000004          0x00000128   Section        6  __rtentry4.o(.ARM.Collect$$rtentry$$00000004)
    .ARM.Collect$$rtentry$$00000009          0x0000012e   Section        0  __rtentry2.o(.ARM.Collect$$rtentry$$00000009)
    .ARM.Collect$$rtentry$$0000000A          0x0000012e   Section        4  __rtentry2.o(.ARM.Collect$$rtentry$$0000000A)
    .ARM.Collect$$rtentry$$0000000C          0x00000132   Section        0  __rtentry2.o(.ARM.Collect$$rtentry$$0000000C)
    .ARM.Collect$$rtentry$$0000000D          0x00000132   Section        8  __rtentry2.o(.ARM.Collect$$rtentry$$0000000D)
    .ARM.Collect$$rtexit$$00000000           0x0000013a   Section        2  rtexit.o(.ARM.Collect$$rtexit$$00000000)
    .ARM.Collect$$rtexit$$00000002           0x0000013c   Section        0  rtexit2.o(.ARM.Collect$$rtexit$$00000002)
    .ARM.Collect$$rtexit$$00000003           0x0000013c   Section        4  rtexit2.o(.ARM.Collect$$rtexit$$00000003)
    .ARM.Collect$$rtexit$$00000004           0x00000140   Section        6  rtexit2.o(.ARM.Collect$$rtexit$$00000004)
    .emb_text                                0x00000148   Section       56  rt_memcpy.o(.emb_text)
    .text                                    0x00000180   Section        0  main.o(.text)
    .text                                    0x000001f0   Section        0  interrupt.o(.text)
    .text                                    0x0000031c   Section        0  hardware_init.o(.text)
    NVIC_SetPriority                         0x00000545   Thumb Code   110  hardware_init.o(.text)
    .text                                    0x000005d8   Section        0  oled.o(.text)
    .text                                    0x0000094c   Section        0  flexible_button.o(.text)
    flex_button_read                         0x000009c3   Thumb Code    58  flexible_button.o(.text)
    flex_button_process                      0x000009fd   Thumb Code   624  flexible_button.o(.text)
    .text                                    0x00000c98   Section        0  key.o(.text)
    common_btn_read                          0x00000c99   Thumb Code    74  key.o(.text)
    common_btn_evt_cb                        0x00000ce3   Thumb Code    80  key.o(.text)
    .text                                    0x00000df8   Section        0  lks32mc03x_gpio.o(.text)
    .text                                    0x000011d8   Section        0  lks32mc03x_sys.o(.text)
    .text                                    0x000012e4   Section        0  lks32mc03x_timer.o(.text)
    .text                                    0x000013c8   Section       64  startup_lks32mc03x.o(.text)
    .text                                    0x00001408   Section        0  delay.o(.text)
    .text                                    0x00001518   Section        0  lks32mc03x_iwdg.o(.text)
    .text                                    0x0000158c   Section        0  sgui_basic.o(.text)
    .text                                    0x00001df6   Section        0  sgui_common.o(.text)
    .text                                    0x000021ea   Section        0  sgui_itemsbase.o(.text)
    .text                                    0x0000287e   Section        0  sgui_list.o(.text)
    .text                                    0x00002ad4   Section        0  sgui_scrollbar.o(.text)
    .text                                    0x00002bfa   Section        0  sgui_text.o(.text)
    .text                                    0x00002f7c   Section        0  hmi_engine.o(.text)
    HMI_GetScreenObjectInEngine              0x00002f7d   Thumb Code    48  hmi_engine.o(.text)
    .text                                    0x00003198   Section        0  extended_list.o(.text)
    HMI_extendedList_Initialize              0x00003199   Thumb Code    58  extended_list.o(.text)
    HMI_extendedList_Prepare                 0x000031d3   Thumb Code    18  extended_list.o(.text)
    HMI_extendedList_RefreshScreen           0x000031e5   Thumb Code    18  extended_list.o(.text)
    HMI_extendedList_ProcessEvent            0x000031f7   Thumb Code   152  extended_list.o(.text)
    HMI_extendedList_PostProcess             0x0000328f   Thumb Code   140  extended_list.o(.text)
    .text                                    0x00003344   Section        0  font_data.o(.text)
    .text                                    0x000034b8   Section        0  list_demo.o(.text)
    HMI_DemoList_Initialize                  0x000034b9   Thumb Code    58  list_demo.o(.text)
    HMI_DemoList_Prepare                     0x000034f3   Thumb Code    18  list_demo.o(.text)
    HMI_DemoList_RefreshScreen               0x00003505   Thumb Code    18  list_demo.o(.text)
    HMI_DemoList_ProcessEvent                0x00003517   Thumb Code   152  list_demo.o(.text)
    HMI_DemoList_PostProcess                 0x000035af   Thumb Code   144  list_demo.o(.text)
    .text                                    0x00003668   Section        0  screen_proc.o(.text)
    .text                                    0x000037cc   Section        0  settings_list.o(.text)
    HMI_settings_List_Initialize             0x000037cd   Thumb Code    58  settings_list.o(.text)
    HMI_settings_List_Prepare                0x00003807   Thumb Code    18  settings_list.o(.text)
    HMI_settings_List_RefreshScreen          0x00003819   Thumb Code    18  settings_list.o(.text)
    HMI_settings_List_ProcessEvent           0x0000382b   Thumb Code   152  settings_list.o(.text)
    HMI_settings_List_PostProcess            0x000038c3   Thumb Code   150  settings_list.o(.text)
    .text                                    0x00003980   Section        0  rt_memcpy.o(.text)
    .text                                    0x00003a02   Section        0  rt_memclr.o(.text)
    .text                                    0x00003a42   Section      346  aeabi_sdiv.o(.text)
    .text                                    0x00003b9c   Section        0  heapauxi.o(.text)
    .text                                    0x00003ba2   Section       62  sys_stackheap_outer.o(.text)
    .text                                    0x00003be0   Section        0  exit.o(.text)
    .text                                    0x00003bf0   Section        8  libspace.o(.text)
    .text                                    0x00003bf8   Section        0  sys_exit.o(.text)
    .text                                    0x00003c04   Section        2  use_no_semi.o(.text)
    .text                                    0x00003c06   Section        0  __dczerorl2.o(.text)
    .text                                    0x00003c06   Section        0  indicate_semi.o(.text)
    i.__ARM_common_switch8                   0x00003c5c   Section        0  lks32mc03x_gpio.o(i.__ARM_common_switch8)
    .constdata                               0x00003c78   Section       25  oled.o(.constdata)
    .constdata                               0x00003c94   Section       60  font_data.o(.constdata)
    .constdata                               0x00003cd0   Section     1080  inconsolata_bold_20.o(.constdata)
    font_002e                                0x00003cd0   Data          33  inconsolata_bold_20.o(.constdata)
    font_0030                                0x00003cf1   Data          33  inconsolata_bold_20.o(.constdata)
    font_0031                                0x00003d12   Data          33  inconsolata_bold_20.o(.constdata)
    font_0032                                0x00003d33   Data          33  inconsolata_bold_20.o(.constdata)
    font_0033                                0x00003d54   Data          33  inconsolata_bold_20.o(.constdata)
    font_0034                                0x00003d75   Data          33  inconsolata_bold_20.o(.constdata)
    font_0035                                0x00003d96   Data          33  inconsolata_bold_20.o(.constdata)
    font_0036                                0x00003db7   Data          33  inconsolata_bold_20.o(.constdata)
    font_0037                                0x00003dd8   Data          33  inconsolata_bold_20.o(.constdata)
    font_0038                                0x00003df9   Data          33  inconsolata_bold_20.o(.constdata)
    font_0039                                0x00003e1a   Data          33  inconsolata_bold_20.o(.constdata)
    font_0041                                0x00003e3b   Data          33  inconsolata_bold_20.o(.constdata)
    font_0045                                0x00003e5c   Data          33  inconsolata_bold_20.o(.constdata)
    font_0046                                0x00003e7d   Data          33  inconsolata_bold_20.o(.constdata)
    font_0047                                0x00003e9e   Data          33  inconsolata_bold_20.o(.constdata)
    font_004c                                0x00003ebf   Data          33  inconsolata_bold_20.o(.constdata)
    font_004e                                0x00003ee0   Data          33  inconsolata_bold_20.o(.constdata)
    font_0055                                0x00003f01   Data          33  inconsolata_bold_20.o(.constdata)
    font_0069                                0x00003f22   Data          33  inconsolata_bold_20.o(.constdata)
    font_006d                                0x00003f43   Data          33  inconsolata_bold_20.o(.constdata)
    font_006f                                0x00003f64   Data          33  inconsolata_bold_20.o(.constdata)
    font_0070                                0x00003f85   Data          33  inconsolata_bold_20.o(.constdata)
    font_0072                                0x00003fa6   Data          33  inconsolata_bold_20.o(.constdata)
    font_0077                                0x00003fc7   Data          33  inconsolata_bold_20.o(.constdata)
    .constdata                               0x00004108   Section     1456  inconsolata_regular_16.o(.constdata)
    font_0041                                0x00004108   Data          16  inconsolata_regular_16.o(.constdata)
    font_0042                                0x00004118   Data          16  inconsolata_regular_16.o(.constdata)
    font_0043                                0x00004128   Data          16  inconsolata_regular_16.o(.constdata)
    font_0044                                0x00004138   Data          16  inconsolata_regular_16.o(.constdata)
    font_0045                                0x00004148   Data          16  inconsolata_regular_16.o(.constdata)
    font_0046                                0x00004158   Data          16  inconsolata_regular_16.o(.constdata)
    font_0047                                0x00004168   Data          16  inconsolata_regular_16.o(.constdata)
    font_0048                                0x00004178   Data          16  inconsolata_regular_16.o(.constdata)
    font_0049                                0x00004188   Data          16  inconsolata_regular_16.o(.constdata)
    font_004a                                0x00004198   Data          16  inconsolata_regular_16.o(.constdata)
    font_004b                                0x000041a8   Data          16  inconsolata_regular_16.o(.constdata)
    font_004c                                0x000041b8   Data          16  inconsolata_regular_16.o(.constdata)
    font_004d                                0x000041c8   Data          16  inconsolata_regular_16.o(.constdata)
    font_004e                                0x000041d8   Data          16  inconsolata_regular_16.o(.constdata)
    font_004f                                0x000041e8   Data          16  inconsolata_regular_16.o(.constdata)
    font_0050                                0x000041f8   Data          16  inconsolata_regular_16.o(.constdata)
    font_0051                                0x00004208   Data          16  inconsolata_regular_16.o(.constdata)
    font_0052                                0x00004218   Data          16  inconsolata_regular_16.o(.constdata)
    font_0053                                0x00004228   Data          16  inconsolata_regular_16.o(.constdata)
    font_0054                                0x00004238   Data          16  inconsolata_regular_16.o(.constdata)
    font_0055                                0x00004248   Data          16  inconsolata_regular_16.o(.constdata)
    font_0056                                0x00004258   Data          16  inconsolata_regular_16.o(.constdata)
    font_0057                                0x00004268   Data          16  inconsolata_regular_16.o(.constdata)
    font_0058                                0x00004278   Data          16  inconsolata_regular_16.o(.constdata)
    font_0059                                0x00004288   Data          16  inconsolata_regular_16.o(.constdata)
    font_005a                                0x00004298   Data          16  inconsolata_regular_16.o(.constdata)
    font_0061                                0x000042a8   Data          16  inconsolata_regular_16.o(.constdata)
    font_0062                                0x000042b8   Data          16  inconsolata_regular_16.o(.constdata)
    font_0063                                0x000042c8   Data          16  inconsolata_regular_16.o(.constdata)
    font_0064                                0x000042d8   Data          16  inconsolata_regular_16.o(.constdata)
    font_0065                                0x000042e8   Data          16  inconsolata_regular_16.o(.constdata)
    font_0066                                0x000042f8   Data          16  inconsolata_regular_16.o(.constdata)
    font_0067                                0x00004308   Data          16  inconsolata_regular_16.o(.constdata)
    font_0068                                0x00004318   Data          16  inconsolata_regular_16.o(.constdata)
    font_0069                                0x00004328   Data          16  inconsolata_regular_16.o(.constdata)
    font_006a                                0x00004338   Data          16  inconsolata_regular_16.o(.constdata)
    font_006b                                0x00004348   Data          16  inconsolata_regular_16.o(.constdata)
    font_006c                                0x00004358   Data          16  inconsolata_regular_16.o(.constdata)
    font_006d                                0x00004368   Data          16  inconsolata_regular_16.o(.constdata)
    font_006e                                0x00004378   Data          16  inconsolata_regular_16.o(.constdata)
    font_006f                                0x00004388   Data          16  inconsolata_regular_16.o(.constdata)
    font_0070                                0x00004398   Data          16  inconsolata_regular_16.o(.constdata)
    font_0071                                0x000043a8   Data          16  inconsolata_regular_16.o(.constdata)
    font_0072                                0x000043b8   Data          16  inconsolata_regular_16.o(.constdata)
    font_0073                                0x000043c8   Data          16  inconsolata_regular_16.o(.constdata)
    font_0074                                0x000043d8   Data          16  inconsolata_regular_16.o(.constdata)
    font_0075                                0x000043e8   Data          16  inconsolata_regular_16.o(.constdata)
    font_0076                                0x000043f8   Data          16  inconsolata_regular_16.o(.constdata)
    font_0077                                0x00004408   Data          16  inconsolata_regular_16.o(.constdata)
    font_0078                                0x00004418   Data          16  inconsolata_regular_16.o(.constdata)
    font_0079                                0x00004428   Data          16  inconsolata_regular_16.o(.constdata)
    font_007a                                0x00004438   Data          16  inconsolata_regular_16.o(.constdata)
    .constdata                               0x000046b8   Section     2108  inconsolata_regular_12.o(.constdata)
    font_0020                                0x000046b8   Data          12  inconsolata_regular_12.o(.constdata)
    font_0021                                0x000046c4   Data          12  inconsolata_regular_12.o(.constdata)
    font_0022                                0x000046d0   Data          12  inconsolata_regular_12.o(.constdata)
    font_0023                                0x000046dc   Data          12  inconsolata_regular_12.o(.constdata)
    font_0024                                0x000046e8   Data          12  inconsolata_regular_12.o(.constdata)
    font_0025                                0x000046f4   Data          12  inconsolata_regular_12.o(.constdata)
    font_0026                                0x00004700   Data          12  inconsolata_regular_12.o(.constdata)
    font_0027                                0x0000470c   Data          12  inconsolata_regular_12.o(.constdata)
    font_0028                                0x00004718   Data          12  inconsolata_regular_12.o(.constdata)
    font_0029                                0x00004724   Data          12  inconsolata_regular_12.o(.constdata)
    font_002a                                0x00004730   Data          12  inconsolata_regular_12.o(.constdata)
    font_002b                                0x0000473c   Data          12  inconsolata_regular_12.o(.constdata)
    font_002c                                0x00004748   Data          12  inconsolata_regular_12.o(.constdata)
    font_002d                                0x00004754   Data          12  inconsolata_regular_12.o(.constdata)
    font_002e                                0x00004760   Data          12  inconsolata_regular_12.o(.constdata)
    font_002f                                0x0000476c   Data          12  inconsolata_regular_12.o(.constdata)
    font_0030                                0x00004778   Data          12  inconsolata_regular_12.o(.constdata)
    font_0031                                0x00004784   Data          12  inconsolata_regular_12.o(.constdata)
    font_0032                                0x00004790   Data          12  inconsolata_regular_12.o(.constdata)
    font_0033                                0x0000479c   Data          12  inconsolata_regular_12.o(.constdata)
    font_0034                                0x000047a8   Data          12  inconsolata_regular_12.o(.constdata)
    font_0035                                0x000047b4   Data          12  inconsolata_regular_12.o(.constdata)
    font_0036                                0x000047c0   Data          12  inconsolata_regular_12.o(.constdata)
    font_0037                                0x000047cc   Data          12  inconsolata_regular_12.o(.constdata)
    font_0038                                0x000047d8   Data          12  inconsolata_regular_12.o(.constdata)
    font_0039                                0x000047e4   Data          12  inconsolata_regular_12.o(.constdata)
    font_003a                                0x000047f0   Data          12  inconsolata_regular_12.o(.constdata)
    font_003b                                0x000047fc   Data          12  inconsolata_regular_12.o(.constdata)
    font_003c                                0x00004808   Data          12  inconsolata_regular_12.o(.constdata)
    font_003d                                0x00004814   Data          12  inconsolata_regular_12.o(.constdata)
    font_003e                                0x00004820   Data          12  inconsolata_regular_12.o(.constdata)
    font_003f                                0x0000482c   Data          12  inconsolata_regular_12.o(.constdata)
    font_0041                                0x00004838   Data          12  inconsolata_regular_12.o(.constdata)
    font_0042                                0x00004844   Data          12  inconsolata_regular_12.o(.constdata)
    font_0043                                0x00004850   Data          12  inconsolata_regular_12.o(.constdata)
    font_0044                                0x0000485c   Data          12  inconsolata_regular_12.o(.constdata)
    font_0045                                0x00004868   Data          12  inconsolata_regular_12.o(.constdata)
    font_0046                                0x00004874   Data          12  inconsolata_regular_12.o(.constdata)
    font_0047                                0x00004880   Data          12  inconsolata_regular_12.o(.constdata)
    font_0048                                0x0000488c   Data          12  inconsolata_regular_12.o(.constdata)
    font_0049                                0x00004898   Data          12  inconsolata_regular_12.o(.constdata)
    font_004a                                0x000048a4   Data          12  inconsolata_regular_12.o(.constdata)
    font_004b                                0x000048b0   Data          12  inconsolata_regular_12.o(.constdata)
    font_004c                                0x000048bc   Data          12  inconsolata_regular_12.o(.constdata)
    font_004d                                0x000048c8   Data          12  inconsolata_regular_12.o(.constdata)
    font_004e                                0x000048d4   Data          12  inconsolata_regular_12.o(.constdata)
    font_004f                                0x000048e0   Data          12  inconsolata_regular_12.o(.constdata)
    font_0050                                0x000048ec   Data          12  inconsolata_regular_12.o(.constdata)
    font_0051                                0x000048f8   Data          12  inconsolata_regular_12.o(.constdata)
    font_0052                                0x00004904   Data          12  inconsolata_regular_12.o(.constdata)
    font_0053                                0x00004910   Data          12  inconsolata_regular_12.o(.constdata)
    font_0054                                0x0000491c   Data          12  inconsolata_regular_12.o(.constdata)
    font_0055                                0x00004928   Data          12  inconsolata_regular_12.o(.constdata)
    font_0056                                0x00004934   Data          12  inconsolata_regular_12.o(.constdata)
    font_0057                                0x00004940   Data          12  inconsolata_regular_12.o(.constdata)
    font_0058                                0x0000494c   Data          12  inconsolata_regular_12.o(.constdata)
    font_0059                                0x00004958   Data          12  inconsolata_regular_12.o(.constdata)
    font_005a                                0x00004964   Data          12  inconsolata_regular_12.o(.constdata)
    font_005b                                0x00004970   Data          12  inconsolata_regular_12.o(.constdata)
    font_005c                                0x0000497c   Data           6  inconsolata_regular_12.o(.constdata)
    font_005d                                0x00004982   Data          12  inconsolata_regular_12.o(.constdata)
    font_005f                                0x0000498e   Data          12  inconsolata_regular_12.o(.constdata)
    font_0061                                0x0000499a   Data          12  inconsolata_regular_12.o(.constdata)
    font_0062                                0x000049a6   Data          12  inconsolata_regular_12.o(.constdata)
    font_0063                                0x000049b2   Data          12  inconsolata_regular_12.o(.constdata)
    font_0064                                0x000049be   Data          12  inconsolata_regular_12.o(.constdata)
    font_0065                                0x000049ca   Data          12  inconsolata_regular_12.o(.constdata)
    font_0066                                0x000049d6   Data          12  inconsolata_regular_12.o(.constdata)
    font_0067                                0x000049e2   Data          12  inconsolata_regular_12.o(.constdata)
    font_0068                                0x000049ee   Data          12  inconsolata_regular_12.o(.constdata)
    font_0069                                0x000049fa   Data          12  inconsolata_regular_12.o(.constdata)
    font_006a                                0x00004a06   Data          12  inconsolata_regular_12.o(.constdata)
    font_006b                                0x00004a12   Data          12  inconsolata_regular_12.o(.constdata)
    font_006c                                0x00004a1e   Data          12  inconsolata_regular_12.o(.constdata)
    font_006d                                0x00004a2a   Data          12  inconsolata_regular_12.o(.constdata)
    font_006e                                0x00004a36   Data          12  inconsolata_regular_12.o(.constdata)
    font_006f                                0x00004a42   Data          12  inconsolata_regular_12.o(.constdata)
    font_0070                                0x00004a4e   Data          12  inconsolata_regular_12.o(.constdata)
    font_0071                                0x00004a5a   Data          12  inconsolata_regular_12.o(.constdata)
    font_0072                                0x00004a66   Data          12  inconsolata_regular_12.o(.constdata)
    font_0073                                0x00004a72   Data          12  inconsolata_regular_12.o(.constdata)
    font_0074                                0x00004a7e   Data          12  inconsolata_regular_12.o(.constdata)
    font_0075                                0x00004a8a   Data          12  inconsolata_regular_12.o(.constdata)
    font_0076                                0x00004a96   Data          12  inconsolata_regular_12.o(.constdata)
    font_0077                                0x00004aa2   Data          12  inconsolata_regular_12.o(.constdata)
    font_0078                                0x00004aae   Data          12  inconsolata_regular_12.o(.constdata)
    font_0079                                0x00004aba   Data          12  inconsolata_regular_12.o(.constdata)
    font_007a                                0x00004ac6   Data          12  inconsolata_regular_12.o(.constdata)
    .conststring                             0x00004ef4   Section       49  extended_list.o(.conststring)
    .conststring                             0x00004f28   Section       43  list_demo.o(.conststring)
    .conststring                             0x00004f54   Section      104  settings_list.o(.conststring)
    .data                                    0x20000000   Section        4  main.o(.data)
    .data                                    0x20000004   Section        6  interrupt.o(.data)
    .data                                    0x2000000a   Section        1  global_variable.o(.data)
    .data                                    0x2000000c   Section       13  flexible_button.o(.data)
    btn_head                                 0x2000000c   Data           4  flexible_button.o(.data)
    button_cnt                               0x20000018   Data           1  flexible_button.o(.data)
    .data                                    0x2000001a   Section        5  key.o(.data)
    g_key_value                              0x2000001a   Data           2  key.o(.data)
    flag_key_main_pressed                    0x2000001c   Data           1  key.o(.data)
    flag_key_up_pressed                      0x2000001d   Data           1  key.o(.data)
    flag_key_down_pressed                    0x2000001e   Data           1  key.o(.data)
    .data                                    0x20000020   Section        8  delay.o(.data)
    fac_us                                   0x20000020   Data           4  delay.o(.data)
    fac_ms                                   0x20000024   Data           4  delay.o(.data)
    .data                                    0x20000028   Section        4  hmi_engine.o(.data)
    g_pstActivedEngineObject                 0x20000028   Data           4  hmi_engine.o(.data)
    .data                                    0x2000002c   Section      112  extended_list.o(.data)
    s_arrstListItems                         0x2000002c   Data          80  extended_list.o(.data)
    .data                                    0x2000009c   Section       64  font_data.o(.data)
    g_current_set_font                       0x2000009c   Data           1  font_data.o(.data)
    .data                                    0x200000dc   Section      148  list_demo.o(.data)
    s_arrstListItems                         0x200000f0   Data          96  list_demo.o(.data)
    .data                                    0x20000170   Section       12  screen_proc.o(.data)
    .data                                    0x2000017c   Section      176  settings_list.o(.data)
    s_arrstListItems                         0x2000017c   Data         144  settings_list.o(.data)
    .bss                                     0x2000022c   Section     1024  oled.o(.bss)
    .bss                                     0x2000062c   Section       84  key.o(.bss)
    user_button                              0x2000062c   Data          84  key.o(.bss)
    .bss                                     0x20000680   Section       80  extended_list.o(.bss)
    s_stListObject                           0x20000680   Data          80  extended_list.o(.bss)
    .bss                                     0x200006d0   Section       80  list_demo.o(.bss)
    s_stDemoListObject                       0x200006d0   Data          80  list_demo.o(.bss)
    .bss                                     0x20000720   Section      148  screen_proc.o(.bss)
    .bss                                     0x200007b4   Section       80  settings_list.o(.bss)
    s_stListObject                           0x200007b4   Data          80  settings_list.o(.bss)
    .bss                                     0x20000804   Section       96  libspace.o(.bss)
    HEAP                                     0x20000868   Section        0  startup_lks32mc03x.o(HEAP)
    STACK                                    0x20000868   Section      512  startup_lks32mc03x.o(STACK)
    Heap_Mem                                 0x20000868   Data           0  startup_lks32mc03x.o(HEAP)
    Stack_Mem                                0x20000868   Data         512  startup_lks32mc03x.o(STACK)
    __initial_sp                             0x20000a68   Data           0  startup_lks32mc03x.o(STACK)

    Global Symbols

    Symbol Name                              Value     Ov Type        Size  Object(Section)

    BuildAttributes$$THM_ISAv3M$S$PE$A:L22$X:L11$S22$IEEE1$IW$USESV6$~STKCKD$USESV7$~SHL$OSPACE$ROPI$EBA8$UX$STANDARDLIB$REQ8$PRES8$EABIv2 0x00000000   Number         0  anon$$obj.o ABSOLUTE
    __ARM_use_no_argv                        0x00000000   Number         0  main.o ABSOLUTE
    __Vectors                                0x00000000   Data           4  startup_lks32mc03x.o(RESET)
    __ARM_exceptions_init                     - Undefined Weak Reference
    __alloca_initialize                       - Undefined Weak Reference
    __arm_fini_                               - Undefined Weak Reference
    __arm_preinit_                            - Undefined Weak Reference
    __cpp_initialize__aeabi_                  - Undefined Weak Reference
    __cxa_finalize                            - Undefined Weak Reference
    __rt_locale                               - Undefined Weak Reference
    __sigvec_lookup                           - Undefined Weak Reference
    _atexit_init                              - Undefined Weak Reference
    _call_atexit_fns                          - Undefined Weak Reference
    _clock_init                               - Undefined Weak Reference
    _fp_trap_init                             - Undefined Weak Reference
    _fp_trap_shutdown                         - Undefined Weak Reference
    _get_lc_collate                           - Undefined Weak Reference
    _get_lc_ctype                             - Undefined Weak Reference
    _get_lc_monetary                          - Undefined Weak Reference
    _get_lc_numeric                           - Undefined Weak Reference
    _get_lc_time                              - Undefined Weak Reference
    _getenv_init                              - Undefined Weak Reference
    _handle_redirection                       - Undefined Weak Reference
    _init_alloc                               - Undefined Weak Reference
    _init_user_alloc                          - Undefined Weak Reference
    _initio                                   - Undefined Weak Reference
    _rand_init                                - Undefined Weak Reference
    _signal_finish                            - Undefined Weak Reference
    _signal_init                              - Undefined Weak Reference
    _terminate_alloc                          - Undefined Weak Reference
    _terminate_user_alloc                     - Undefined Weak Reference
    _terminateio                              - Undefined Weak Reference
    __Vectors_End                            0x000000c0   Data           0  startup_lks32mc03x.o(RESET)
    __Vectors_Size                           0x000000c0   Number         0  startup_lks32mc03x.o ABSOLUTE
    __main                                   0x000000c1   Thumb Code     8  __main.o(!!!main)
    __scatterload                            0x000000c9   Thumb Code     0  __scatter.o(!!!scatter)
    __scatterload_rt2                        0x000000c9   Thumb Code    52  __scatter.o(!!!scatter)
    __scatterload_rt2_thumb_only             0x000000c9   Thumb Code     0  __scatter.o(!!!scatter)
    __scatterload_null                       0x000000d9   Thumb Code     0  __scatter.o(!!!scatter)
    __scatterload_zeroinit                   0x00000105   Thumb Code    28  __scatter_zi.o(!!handler_zi)
    __rt_lib_init                            0x00000121   Thumb Code     0  libinit.o(.ARM.Collect$$libinit$$00000000)
    __rt_lib_init_alloca_1                   0x00000123   Thumb Code     0  libinit2.o(.ARM.Collect$$libinit$$0000002E)
    __rt_lib_init_argv_1                     0x00000123   Thumb Code     0  libinit2.o(.ARM.Collect$$libinit$$0000002C)
    __rt_lib_init_atexit_1                   0x00000123   Thumb Code     0  libinit2.o(.ARM.Collect$$libinit$$0000001B)
    __rt_lib_init_clock_1                    0x00000123   Thumb Code     0  libinit2.o(.ARM.Collect$$libinit$$00000021)
    __rt_lib_init_cpp_1                      0x00000123   Thumb Code     0  libinit2.o(.ARM.Collect$$libinit$$00000032)
    __rt_lib_init_exceptions_1               0x00000123   Thumb Code     0  libinit2.o(.ARM.Collect$$libinit$$00000030)
    __rt_lib_init_fp_1                       0x00000123   Thumb Code     0  libinit2.o(.ARM.Collect$$libinit$$00000002)
    __rt_lib_init_fp_trap_1                  0x00000123   Thumb Code     0  libinit2.o(.ARM.Collect$$libinit$$0000001F)
    __rt_lib_init_getenv_1                   0x00000123   Thumb Code     0  libinit2.o(.ARM.Collect$$libinit$$00000023)
    __rt_lib_init_heap_1                     0x00000123   Thumb Code     0  libinit2.o(.ARM.Collect$$libinit$$0000000A)
    __rt_lib_init_lc_collate_1               0x00000123   Thumb Code     0  libinit2.o(.ARM.Collect$$libinit$$00000011)
    __rt_lib_init_lc_ctype_1                 0x00000123   Thumb Code     0  libinit2.o(.ARM.Collect$$libinit$$00000013)
    __rt_lib_init_lc_monetary_1              0x00000123   Thumb Code     0  libinit2.o(.ARM.Collect$$libinit$$00000015)
    __rt_lib_init_lc_numeric_1               0x00000123   Thumb Code     0  libinit2.o(.ARM.Collect$$libinit$$00000017)
    __rt_lib_init_lc_time_1                  0x00000123   Thumb Code     0  libinit2.o(.ARM.Collect$$libinit$$00000019)
    __rt_lib_init_preinit_1                  0x00000123   Thumb Code     0  libinit2.o(.ARM.Collect$$libinit$$00000004)
    __rt_lib_init_rand_1                     0x00000123   Thumb Code     0  libinit2.o(.ARM.Collect$$libinit$$0000000E)
    __rt_lib_init_return                     0x00000123   Thumb Code     0  libinit2.o(.ARM.Collect$$libinit$$00000033)
    __rt_lib_init_signal_1                   0x00000123   Thumb Code     0  libinit2.o(.ARM.Collect$$libinit$$0000001D)
    __rt_lib_init_stdio_1                    0x00000123   Thumb Code     0  libinit2.o(.ARM.Collect$$libinit$$00000025)
    __rt_lib_init_user_alloc_1               0x00000123   Thumb Code     0  libinit2.o(.ARM.Collect$$libinit$$0000000C)
    __rt_lib_shutdown                        0x00000125   Thumb Code     0  libshutdown.o(.ARM.Collect$$libshutdown$$00000000)
    __rt_lib_shutdown_cpp_1                  0x00000127   Thumb Code     0  libshutdown2.o(.ARM.Collect$$libshutdown$$00000004)
    __rt_lib_shutdown_fini_1                 0x00000127   Thumb Code     0  libshutdown2.o(.ARM.Collect$$libshutdown$$00000002)
    __rt_lib_shutdown_fp_trap_1              0x00000127   Thumb Code     0  libshutdown2.o(.ARM.Collect$$libshutdown$$00000009)
    __rt_lib_shutdown_heap_1                 0x00000127   Thumb Code     0  libshutdown2.o(.ARM.Collect$$libshutdown$$00000011)
    __rt_lib_shutdown_return                 0x00000127   Thumb Code     0  libshutdown2.o(.ARM.Collect$$libshutdown$$00000012)
    __rt_lib_shutdown_signal_1               0x00000127   Thumb Code     0  libshutdown2.o(.ARM.Collect$$libshutdown$$0000000C)
    __rt_lib_shutdown_stdio_1                0x00000127   Thumb Code     0  libshutdown2.o(.ARM.Collect$$libshutdown$$00000006)
    __rt_lib_shutdown_user_alloc_1           0x00000127   Thumb Code     0  libshutdown2.o(.ARM.Collect$$libshutdown$$0000000E)
    __rt_entry                               0x00000129   Thumb Code     0  __rtentry.o(.ARM.Collect$$rtentry$$00000000)
    __rt_entry_presh_1                       0x00000129   Thumb Code     0  __rtentry2.o(.ARM.Collect$$rtentry$$00000002)
    __rt_entry_sh                            0x00000129   Thumb Code     0  __rtentry4.o(.ARM.Collect$$rtentry$$00000004)
    __rt_entry_li                            0x0000012f   Thumb Code     0  __rtentry2.o(.ARM.Collect$$rtentry$$0000000A)
    __rt_entry_postsh_1                      0x0000012f   Thumb Code     0  __rtentry2.o(.ARM.Collect$$rtentry$$00000009)
    __rt_entry_main                          0x00000133   Thumb Code     0  __rtentry2.o(.ARM.Collect$$rtentry$$0000000D)
    __rt_entry_postli_1                      0x00000133   Thumb Code     0  __rtentry2.o(.ARM.Collect$$rtentry$$0000000C)
    __rt_exit                                0x0000013b   Thumb Code     0  rtexit.o(.ARM.Collect$$rtexit$$00000000)
    __rt_exit_ls                             0x0000013d   Thumb Code     0  rtexit2.o(.ARM.Collect$$rtexit$$00000003)
    __rt_exit_prels_1                        0x0000013d   Thumb Code     0  rtexit2.o(.ARM.Collect$$rtexit$$00000002)
    __rt_exit_exit                           0x00000141   Thumb Code     0  rtexit2.o(.ARM.Collect$$rtexit$$00000004)
    __aeabi_memcpy4                          0x00000149   Thumb Code    56  rt_memcpy.o(.emb_text)
    __aeabi_memcpy8                          0x00000149   Thumb Code     0  rt_memcpy.o(.emb_text)
    main                                     0x00000181   Thumb Code    52  main.o(.text)
    delay                                    0x000001b5   Thumb Code    16  main.o(.text)
    Task_Scheduler                           0x000001c5   Thumb Code    36  main.o(.text)
    NMI_Handler                              0x000001f1   Thumb Code     2  interrupt.o(.text)
    SVC_Handler                              0x000001f3   Thumb Code     2  interrupt.o(.text)
    PendSV_Handler                           0x000001f5   Thumb Code     2  interrupt.o(.text)
    SysTick_Handler                          0x000001f7   Thumb Code     2  interrupt.o(.text)
    HardFault_Handler                        0x000001f9   Thumb Code    22  interrupt.o(.text)
    SleepTimer_IRQHandler                    0x0000020f   Thumb Code     2  interrupt.o(.text)
    SW_IRQHandler                            0x00000211   Thumb Code     2  interrupt.o(.text)
    WAKE_IRQHandler                          0x00000213   Thumb Code     2  interrupt.o(.text)
    DMA_IRQHandler                           0x00000215   Thumb Code     8  interrupt.o(.text)
    HALL_IRQHandler                          0x0000021d   Thumb Code     2  interrupt.o(.text)
    VC3_IRQHandler                           0x0000021f   Thumb Code     2  interrupt.o(.text)
    CSX_IRQHandler                           0x00000221   Thumb Code     2  interrupt.o(.text)
    UART_IRQHandler                          0x00000223   Thumb Code    62  interrupt.o(.text)
    NSX_IRQHandler                           0x00000261   Thumb Code     2  interrupt.o(.text)
    I2C_IRQHandler                           0x00000263   Thumb Code     2  interrupt.o(.text)
    SPI_IRQHandler                           0x00000265   Thumb Code     2  interrupt.o(.text)
    TIMER0_IRQHandler                        0x00000267   Thumb Code    54  interrupt.o(.text)
    TIMER1_IRQHandler                        0x0000029d   Thumb Code    20  interrupt.o(.text)
    TIMER2_IRQHandler                        0x000002b1   Thumb Code     2  interrupt.o(.text)
    TIMER3_IRQHandler                        0x000002b3   Thumb Code     2  interrupt.o(.text)
    ENCODER0_IRQHandler                      0x000002b5   Thumb Code     2  interrupt.o(.text)
    ENCODER1_IRQHandler                      0x000002b7   Thumb Code     2  interrupt.o(.text)
    GPIO_IRQHandler                          0x000002b9   Thumb Code    24  interrupt.o(.text)
    ADC_IRQHandler                           0x000002d1   Thumb Code     2  interrupt.o(.text)
    MCPWM0_IRQHandler                        0x000002d3   Thumb Code    20  interrupt.o(.text)
    MCPWM1_IRQHandler                        0x000002e7   Thumb Code     2  interrupt.o(.text)
    CMP_IRQHandler                           0x000002e9   Thumb Code     8  interrupt.o(.text)
    SystemInit                               0x0000031d   Thumb Code     2  hardware_init.o(.text)
    Clock_Init                               0x0000031f   Thumb Code    44  hardware_init.o(.text)
    GPIO_init                                0x0000034b   Thumb Code   276  hardware_init.o(.text)
    GPIO_init_ex                             0x0000045f   Thumb Code    86  hardware_init.o(.text)
    dealy                                    0x000004b5   Thumb Code    16  hardware_init.o(.text)
    UTimer_init                              0x000004c5   Thumb Code    56  hardware_init.o(.text)
    Hardware_init                            0x000004fd   Thumb Code    72  hardware_init.o(.text)
    IIC_write                                0x000005d9   Thumb Code   166  oled.o(.text)
    IIC_start                                0x0000067f   Thumb Code    70  oled.o(.text)
    IIC_stop                                 0x000006c5   Thumb Code    52  oled.o(.text)
    OLED_send_cmd                            0x000006f9   Thumb Code    32  oled.o(.text)
    OLED_send_data                           0x00000719   Thumb Code    32  oled.o(.text)
    OLED_SetCursor                           0x00000739   Thumb Code    46  oled.o(.text)
    oled_draw_point                          0x00000767   Thumb Code   138  oled.o(.text)
    OLED_WriteData                           0x000007f1   Thumb Code    46  oled.o(.text)
    OLED_clear_ex                            0x0000081f   Thumb Code    44  oled.o(.text)
    oled_clear                               0x0000084b   Thumb Code    42  oled.o(.text)
    oled_update                              0x00000875   Thumb Code    36  oled.o(.text)
    oled_draw_rectangle                      0x00000899   Thumb Code   144  oled.o(.text)
    oled_init                                0x00000929   Thumb Code    24  oled.o(.text)
    flex_button_register                     0x0000094d   Thumb Code   118  flexible_button.o(.text)
    flex_button_event_read                   0x00000c6d   Thumb Code    10  flexible_button.o(.text)
    flex_button_scan                         0x00000c77   Thumb Code    12  flexible_button.o(.text)
    main_key_is_pressed                      0x00000d33   Thumb Code     6  key.o(.text)
    up_key_is_pressed                        0x00000d39   Thumb Code     6  key.o(.text)
    down_key_is_pressed                      0x00000d3f   Thumb Code     6  key.o(.text)
    main_key_trigger_reset                   0x00000d45   Thumb Code     8  key.o(.text)
    up_key_trigger_reset                     0x00000d4d   Thumb Code     8  key.o(.text)
    down_key_trigger_reset                   0x00000d55   Thumb Code     8  key.o(.text)
    key_get_key_code                         0x00000d5d   Thumb Code     6  key.o(.text)
    user_button_init                         0x00000d63   Thumb Code   116  key.o(.text)
    GPIO_Init                                0x00000df9   Thumb Code   190  lks32mc03x_gpio.o(.text)
    GPIO_StructInit                          0x00000eb7   Thumb Code    12  lks32mc03x_gpio.o(.text)
    GPIO_ReadInputDataBit                    0x00000ec3   Thumb Code    20  lks32mc03x_gpio.o(.text)
    GPIO_ReadInputData                       0x00000ed7   Thumb Code     6  lks32mc03x_gpio.o(.text)
    GPIO_ReadOutputDataBit                   0x00000edd   Thumb Code    20  lks32mc03x_gpio.o(.text)
    GPIO_ReadOutputData                      0x00000ef1   Thumb Code     6  lks32mc03x_gpio.o(.text)
    GPIO_SetBits                             0x00000ef7   Thumb Code     4  lks32mc03x_gpio.o(.text)
    GPIO_ResetBits                           0x00000efb   Thumb Code     4  lks32mc03x_gpio.o(.text)
    GPIO_WriteBit                            0x00000eff   Thumb Code    12  lks32mc03x_gpio.o(.text)
    GPIO_Write                               0x00000f0b   Thumb Code     4  lks32mc03x_gpio.o(.text)
    GPIO_PinAFConfig                         0x00000f0f   Thumb Code   258  lks32mc03x_gpio.o(.text)
    EXTI_Trigger_Config                      0x00001011   Thumb Code   432  lks32mc03x_gpio.o(.text)
    SYS_Init                                 0x000011d9   Thumb Code    54  lks32mc03x_sys.o(.text)
    SYS_StructInit                           0x0000120f   Thumb Code    22  lks32mc03x_sys.o(.text)
    SYS_ClearRst                             0x00001225   Thumb Code     8  lks32mc03x_sys.o(.text)
    SYS_GetRstSource                         0x0000122d   Thumb Code     6  lks32mc03x_sys.o(.text)
    SYS_ModuleClockCmd                       0x00001233   Thumb Code    38  lks32mc03x_sys.o(.text)
    SYS_AnalogModuleClockCmd                 0x00001259   Thumb Code   106  lks32mc03x_sys.o(.text)
    SYS_SoftResetModule                      0x000012c3   Thumb Code    18  lks32mc03x_sys.o(.text)
    TIM_TimerInit                            0x000012e5   Thumb Code   162  lks32mc03x_timer.o(.text)
    TIM_TimerStrutInit                       0x00001387   Thumb Code    58  lks32mc03x_timer.o(.text)
    Reset_Handler                            0x000013c9   Thumb Code    14  startup_lks32mc03x.o(.text)
    __user_initial_stackheap                 0x000013e5   Thumb Code     0  startup_lks32mc03x.o(.text)
    delay_init                               0x00001409   Thumb Code    36  delay.o(.text)
    delay_us                                 0x0000142d   Thumb Code   110  delay.o(.text)
    delay_xms                                0x0000149b   Thumb Code    54  delay.o(.text)
    delay_ms                                 0x000014d1   Thumb Code    58  delay.o(.text)
    IWDG_Init                                0x00001519   Thumb Code    60  lks32mc03x_iwdg.o(.text)
    IWDG_StrutInit                           0x00001555   Thumb Code    20  lks32mc03x_iwdg.o(.text)
    IWDG_DISABLE                             0x00001569   Thumb Code    10  lks32mc03x_iwdg.o(.text)
    IWDG_Feed                                0x00001573   Thumb Code    12  lks32mc03x_iwdg.o(.text)
    SGUI_Basic_DrawPoint                     0x0000158d   Thumb Code    48  sgui_basic.o(.text)
    SGUI_Basic_DrawVerticalLine              0x000015bd   Thumb Code    36  sgui_basic.o(.text)
    SGUI_Basic_DrawHorizontalLine            0x000015e1   Thumb Code    36  sgui_basic.o(.text)
    SGUI_Basic_FillRectangleArea             0x00001605   Thumb Code   126  sgui_basic.o(.text)
    SGUI_Basic_DrawRectangle                 0x00001683   Thumb Code   204  sgui_basic.o(.text)
    SGUI_Basic_ClearScreen                   0x0000174f   Thumb Code    48  sgui_basic.o(.text)
    SGUI_Basic_DrawLine                      0x0000177f   Thumb Code   180  sgui_basic.o(.text)
    SGUI_Basic_DrawCircle                    0x00001833   Thumb Code   330  sgui_basic.o(.text)
    SGUI_Basic_DrawBitMap                    0x0000197d   Thumb Code   390  sgui_basic.o(.text)
    SGUI_Basic_PointIsInArea                 0x00001b03   Thumb Code    48  sgui_basic.o(.text)
    SGUI_Basic_DrawRoundedRectangle          0x00001b33   Thumb Code   708  sgui_basic.o(.text)
    SGUI_Common_AdaptDisplayInfo             0x00001df7   Thumb Code    62  sgui_common.o(.text)
    SGUI_Common_IntegerToString              0x00001e35   Thumb Code   286  sgui_common.o(.text)
    SGUI_Common_IntegerToStringWithDecimalPoint 0x00001f53   Thumb Code   334  sgui_common.o(.text)
    SGUI_Common_ConvertStringToUnsignedInteger 0x000020a1   Thumb Code   234  sgui_common.o(.text)
    SGUI_Common_ConvertStringToInteger       0x0000218b   Thumb Code    96  sgui_common.o(.text)
    SGUI_ItemsBase_JumpItem                  0x000021eb   Thumb Code    56  sgui_itemsbase.o(.text)
    SGUI_ItemsBase_Initialize                0x00002223   Thumb Code   168  sgui_itemsbase.o(.text)
    SGUI_ItemsBase_Repaint                   0x000022cb   Thumb Code   572  sgui_itemsbase.o(.text)
    SGUI_ItemsBase_GetItem                   0x00002507   Thumb Code    24  sgui_itemsbase.o(.text)
    SGUI_ItemsBase_GetItemExtent             0x0000251f   Thumb Code   200  sgui_itemsbase.o(.text)
    SGUI_ItemsBase_Resize                    0x000025e7   Thumb Code   134  sgui_itemsbase.o(.text)
    SGUI_ItemsBase_Selecte                   0x0000266d   Thumb Code    40  sgui_itemsbase.o(.text)
    SGUI_ItemsBase_RemoveItem                0x00002695   Thumb Code   196  sgui_itemsbase.o(.text)
    SGUI_ItemsBase_InsertItem                0x00002759   Thumb Code   204  sgui_itemsbase.o(.text)
    SGUI_ItemsBase_CanScrollUp               0x00002825   Thumb Code    26  sgui_itemsbase.o(.text)
    SGUI_ItemsBase_CanScrollDown             0x0000283f   Thumb Code    64  sgui_itemsbase.o(.text)
    SGUI_List_Initialize                     0x0000287f   Thumb Code   126  sgui_list.o(.text)
    SGUI_List_Repaint                        0x000028fd   Thumb Code   180  sgui_list.o(.text)
    SGUI_List_RepaintItems                   0x000029b1   Thumb Code    40  sgui_list.o(.text)
    SGUI_List_Resize                         0x000029d9   Thumb Code   148  sgui_list.o(.text)
    SGUI_List_RemoveItem                     0x00002a6d   Thumb Code    50  sgui_list.o(.text)
    SGUI_List_InsertItem                     0x00002a9f   Thumb Code    54  sgui_list.o(.text)
    SGUI_ScrollBar_Initialize                0x00002ad5   Thumb Code    30  sgui_scrollbar.o(.text)
    SGUI_ScrollBar_SetValue                  0x00002af3   Thumb Code    20  sgui_scrollbar.o(.text)
    SGUI_ScrollBar_Repaint                   0x00002b07   Thumb Code   244  sgui_scrollbar.o(.text)
    SGUI_Text_GetTextExtent                  0x00002bfb   Thumb Code    78  sgui_text.o(.text)
    SGUI_Text_GetCharacterData               0x00002c49   Thumb Code   132  sgui_text.o(.text)
    SGUI_Text_DrawASCIICharacter             0x00002ccd   Thumb Code    72  sgui_text.o(.text)
    SGUI_Text_DrawText                       0x00002d15   Thumb Code   200  sgui_text.o(.text)
    SGUI_Text_DrawMultipleLinesText          0x00002ddd   Thumb Code   314  sgui_text.o(.text)
    SGUI_Text_GetMultiLineTextLines          0x00002f17   Thumb Code   100  sgui_text.o(.text)
    HMI_ActiveEngine                         0x00002fad   Thumb Code    66  hmi_engine.o(.text)
    HMI_StartEngine                          0x00002fef   Thumb Code    76  hmi_engine.o(.text)
    HMI_ProcessEvent                         0x0000303b   Thumb Code   124  hmi_engine.o(.text)
    HMI_SwitchScreen                         0x000030b7   Thumb Code   102  hmi_engine.o(.text)
    HMI_GoBack                               0x0000311d   Thumb Code    88  hmi_engine.o(.text)
    HMI_SetDeviceObject                      0x00003175   Thumb Code    30  hmi_engine.o(.text)
    get_font                                 0x00003345   Thumb Code    14  font_data.o(.text)
    get_font_size                            0x00003353   Thumb Code    14  font_data.o(.text)
    get_char_index                           0x00003361   Thumb Code    50  font_data.o(.text)
    step_next_char_code                      0x00003393   Thumb Code   122  font_data.o(.text)
    char_is_fullwidth                        0x0000340d   Thumb Code    14  font_data.o(.text)
    get_font_half_width                      0x0000341b   Thumb Code    14  font_data.o(.text)
    get_font_height                          0x00003429   Thumb Code    14  font_data.o(.text)
    get_char_data                            0x00003437   Thumb Code   114  font_data.o(.text)
    set_display_font                         0x000034a9   Thumb Code     6  font_data.o(.text)
    InitializeHMIEngineObj                   0x00003669   Thumb Code   204  screen_proc.o(.text)
    key_press_event                          0x00003735   Thumb Code    20  screen_proc.o(.text)
    gui_main_process                         0x00003749   Thumb Code    44  screen_proc.o(.text)
    key_event_is_triggered                   0x00003775   Thumb Code    50  screen_proc.o(.text)
    SysTickTimerEnable                       0x000037a7   Thumb Code     2  screen_proc.o(.text)
    key_value                                0x000037a9   Thumb Code     2  screen_proc.o(.text)
    __aeabi_memcpy                           0x00003981   Thumb Code   130  rt_memcpy.o(.text)
    __rt_memcpy                              0x00003981   Thumb Code     0  rt_memcpy.o(.text)
    _memset_w                                0x00003a03   Thumb Code    26  rt_memclr.o(.text)
    _memset                                  0x00003a1d   Thumb Code    30  rt_memclr.o(.text)
    __aeabi_memclr                           0x00003a3b   Thumb Code     4  rt_memclr.o(.text)
    __rt_memclr                              0x00003a3b   Thumb Code     0  rt_memclr.o(.text)
    __aeabi_memclr4                          0x00003a3f   Thumb Code     0  rt_memclr.o(.text)
    __aeabi_memclr8                          0x00003a3f   Thumb Code     0  rt_memclr.o(.text)
    __rt_memclr_w                            0x00003a3f   Thumb Code     4  rt_memclr.o(.text)
    __aeabi_uidiv                            0x00003a43   Thumb Code     0  aeabi_sdiv.o(.text)
    __aeabi_uidivmod                         0x00003a43   Thumb Code    20  aeabi_sdiv.o(.text)
    __aeabi_idiv                             0x00003a57   Thumb Code     0  aeabi_sdiv.o(.text)
    __aeabi_idivmod                          0x00003a57   Thumb Code   326  aeabi_sdiv.o(.text)
    __use_two_region_memory                  0x00003b9d   Thumb Code     2  heapauxi.o(.text)
    __rt_heap_escrow$2region                 0x00003b9f   Thumb Code     2  heapauxi.o(.text)
    __rt_heap_expand$2region                 0x00003ba1   Thumb Code     2  heapauxi.o(.text)
    __user_setup_stackheap                   0x00003ba3   Thumb Code    62  sys_stackheap_outer.o(.text)
    exit                                     0x00003be1   Thumb Code    16  exit.o(.text)
    __user_libspace                          0x00003bf1   Thumb Code     8  libspace.o(.text)
    __user_perproc_libspace                  0x00003bf1   Thumb Code     0  libspace.o(.text)
    __user_perthread_libspace                0x00003bf1   Thumb Code     0  libspace.o(.text)
    _sys_exit                                0x00003bf9   Thumb Code     8  sys_exit.o(.text)
    __I$use$semihosting                      0x00003c05   Thumb Code     0  use_no_semi.o(.text)
    __use_no_semihosting_swi                 0x00003c05   Thumb Code     2  use_no_semi.o(.text)
    __decompress                             0x00003c07   Thumb Code     0  __dczerorl2.o(.text)
    __decompress1                            0x00003c07   Thumb Code    86  __dczerorl2.o(.text)
    __semihosting_library_function           0x00003c07   Thumb Code     0  indicate_semi.o(.text)
    __ARM_common_switch8                     0x00003c5d   Thumb Code    28  lks32mc03x_gpio.o(i.__ARM_common_switch8)
    OLED_init_cmd                            0x00003c78   Data          25  oled.o(.constdata)
    font_inconsolata_regular_16              0x00003c94   Data          20  font_data.o(.constdata)
    font_inconsolata_regular_12              0x00003ca8   Data          20  font_data.o(.constdata)
    font_inconsolata_bold_20                 0x00003cbc   Data          20  font_data.o(.constdata)
    inconsolata_bold_20                      0x00003fe8   Data         288  inconsolata_bold_20.o(.constdata)
    inconsolata_regular_16                   0x00004448   Data         624  inconsolata_regular_16.o(.constdata)
    inconsolata_regular_12                   0x00004ad4   Data        1056  inconsolata_regular_12.o(.constdata)
    Region$$Table$$Base                      0x00004fbc   Number         0  anon$$obj.o(Region$$Table)
    Region$$Table$$Limit                     0x00004fdc   Number         0  anon$$obj.o(Region$$Table)
    TimeCnt1ms                               0x20000000   Data           2  main.o(.data)
    TimeCnt1000ms                            0x20000002   Data           2  main.o(.data)
    hBLDC_PWM_value                          0x20000004   Data           2  interrupt.o(.data)
    Uart0_Buff                               0x20000006   Data           1  interrupt.o(.data)
    flag_20ms                                0x20000008   Data           2  interrupt.o(.data)
    gTimeBaseFlg                             0x2000000a   Data           1  global_variable.o(.data)
    g_logic_level                            0x20000010   Data           4  flexible_button.o(.data)
    g_btn_status_reg                         0x20000014   Data           4  flexible_button.o(.data)
    s_stExtendedListActions                  0x2000007c   Data          20  extended_list.o(.data)
    g_stHMI_extended_List                    0x20000090   Data          12  extended_list.o(.data)
    all_font_info                            0x200000a0   Data          60  font_data.o(.data)
    password_extended                        0x200000dc   Data          20  list_demo.o(.data)
    s_stDemoListActions                      0x20000150   Data          20  list_demo.o(.data)
    g_stHMIDemo_List                         0x20000164   Data          12  list_demo.o(.data)
    g_arrpstScreenObjs                       0x20000170   Data          12  screen_proc.o(.data)
    s_st_settingsListActions                 0x2000020c   Data          20  settings_list.o(.data)
    g_stHMI_settings_List                    0x20000220   Data          12  settings_list.o(.data)
    OLED_DisplayBuf                          0x2000022c   Data        1024  oled.o(.bss)
    g_stDeviceInterface                      0x20000720   Data          32  screen_proc.o(.bss)
    g_stDemoEngine                           0x20000740   Data          16  screen_proc.o(.bss)
    s_pBmpDataBuffer                         0x20000750   Data         100  screen_proc.o(.bss)
    __libspace_start                         0x20000804   Data          96  libspace.o(.bss)
    __temporary_stack_top$libspace           0x20000864   Data           0  libspace.o(.bss)



==============================================================================

Memory Map of the image

  Image Entry point : 0x000000c1

  Load Region LR_IROM1 (Base: 0x00000000, Size: 0x00005208, Max: 0x00008000, ABSOLUTE, COMPRESSED[0x00005090])

    Execution Region ER_IROM1 (Exec base: 0x00000000, Load base: 0x00000000, Size: 0x00004fdc, Max: 0x00008000, ABSOLUTE)

    Exec Addr    Load Addr    Size         Type   Attr      Idx    E Section Name        Object

    0x00000000   0x00000000   0x000000c0   Data   RO          430    RESET               startup_lks32mc03x.o
    0x000000c0   0x000000c0   0x00000008   Code   RO          894  * !!!main             c_p.l(__main.o)
    0x000000c8   0x000000c8   0x0000003c   Code   RO         1067    !!!scatter          c_p.l(__scatter.o)
    0x00000104   0x00000104   0x0000001c   Code   RO         1069    !!handler_zi        c_p.l(__scatter_zi.o)
    0x00000120   0x00000120   0x00000002   Code   RO          932    .ARM.Collect$$libinit$$00000000  c_p.l(libinit.o)
    0x00000122   0x00000122   0x00000000   Code   RO          946    .ARM.Collect$$libinit$$00000002  c_p.l(libinit2.o)
    0x00000122   0x00000122   0x00000000   Code   RO          948    .ARM.Collect$$libinit$$00000004  c_p.l(libinit2.o)
    0x00000122   0x00000122   0x00000000   Code   RO          951    .ARM.Collect$$libinit$$0000000A  c_p.l(libinit2.o)
    0x00000122   0x00000122   0x00000000   Code   RO          953    .ARM.Collect$$libinit$$0000000C  c_p.l(libinit2.o)
    0x00000122   0x00000122   0x00000000   Code   RO          955    .ARM.Collect$$libinit$$0000000E  c_p.l(libinit2.o)
    0x00000122   0x00000122   0x00000000   Code   RO          958    .ARM.Collect$$libinit$$00000011  c_p.l(libinit2.o)
    0x00000122   0x00000122   0x00000000   Code   RO          960    .ARM.Collect$$libinit$$00000013  c_p.l(libinit2.o)
    0x00000122   0x00000122   0x00000000   Code   RO          962    .ARM.Collect$$libinit$$00000015  c_p.l(libinit2.o)
    0x00000122   0x00000122   0x00000000   Code   RO          964    .ARM.Collect$$libinit$$00000017  c_p.l(libinit2.o)
    0x00000122   0x00000122   0x00000000   Code   RO          966    .ARM.Collect$$libinit$$00000019  c_p.l(libinit2.o)
    0x00000122   0x00000122   0x00000000   Code   RO          968    .ARM.Collect$$libinit$$0000001B  c_p.l(libinit2.o)
    0x00000122   0x00000122   0x00000000   Code   RO          970    .ARM.Collect$$libinit$$0000001D  c_p.l(libinit2.o)
    0x00000122   0x00000122   0x00000000   Code   RO          972    .ARM.Collect$$libinit$$0000001F  c_p.l(libinit2.o)
    0x00000122   0x00000122   0x00000000   Code   RO          974    .ARM.Collect$$libinit$$00000021  c_p.l(libinit2.o)
    0x00000122   0x00000122   0x00000000   Code   RO          976    .ARM.Collect$$libinit$$00000023  c_p.l(libinit2.o)
    0x00000122   0x00000122   0x00000000   Code   RO          978    .ARM.Collect$$libinit$$00000025  c_p.l(libinit2.o)
    0x00000122   0x00000122   0x00000000   Code   RO          982    .ARM.Collect$$libinit$$0000002C  c_p.l(libinit2.o)
    0x00000122   0x00000122   0x00000000   Code   RO          984    .ARM.Collect$$libinit$$0000002E  c_p.l(libinit2.o)
    0x00000122   0x00000122   0x00000000   Code   RO          986    .ARM.Collect$$libinit$$00000030  c_p.l(libinit2.o)
    0x00000122   0x00000122   0x00000000   Code   RO          988    .ARM.Collect$$libinit$$00000032  c_p.l(libinit2.o)
    0x00000122   0x00000122   0x00000002   Code   RO          989    .ARM.Collect$$libinit$$00000033  c_p.l(libinit2.o)
    0x00000124   0x00000124   0x00000002   Code   RO         1020    .ARM.Collect$$libshutdown$$00000000  c_p.l(libshutdown.o)
    0x00000126   0x00000126   0x00000000   Code   RO         1046    .ARM.Collect$$libshutdown$$00000002  c_p.l(libshutdown2.o)
    0x00000126   0x00000126   0x00000000   Code   RO         1048    .ARM.Collect$$libshutdown$$00000004  c_p.l(libshutdown2.o)
    0x00000126   0x00000126   0x00000000   Code   RO         1050    .ARM.Collect$$libshutdown$$00000006  c_p.l(libshutdown2.o)
    0x00000126   0x00000126   0x00000000   Code   RO         1053    .ARM.Collect$$libshutdown$$00000009  c_p.l(libshutdown2.o)
    0x00000126   0x00000126   0x00000000   Code   RO         1056    .ARM.Collect$$libshutdown$$0000000C  c_p.l(libshutdown2.o)
    0x00000126   0x00000126   0x00000000   Code   RO         1058    .ARM.Collect$$libshutdown$$0000000E  c_p.l(libshutdown2.o)
    0x00000126   0x00000126   0x00000000   Code   RO         1061    .ARM.Collect$$libshutdown$$00000011  c_p.l(libshutdown2.o)
    0x00000126   0x00000126   0x00000002   Code   RO         1062    .ARM.Collect$$libshutdown$$00000012  c_p.l(libshutdown2.o)
    0x00000128   0x00000128   0x00000000   Code   RO          896    .ARM.Collect$$rtentry$$00000000  c_p.l(__rtentry.o)
    0x00000128   0x00000128   0x00000000   Code   RO          902    .ARM.Collect$$rtentry$$00000002  c_p.l(__rtentry2.o)
    0x00000128   0x00000128   0x00000006   Code   RO          914    .ARM.Collect$$rtentry$$00000004  c_p.l(__rtentry4.o)
    0x0000012e   0x0000012e   0x00000000   Code   RO          904    .ARM.Collect$$rtentry$$00000009  c_p.l(__rtentry2.o)
    0x0000012e   0x0000012e   0x00000004   Code   RO          905    .ARM.Collect$$rtentry$$0000000A  c_p.l(__rtentry2.o)
    0x00000132   0x00000132   0x00000000   Code   RO          907    .ARM.Collect$$rtentry$$0000000C  c_p.l(__rtentry2.o)
    0x00000132   0x00000132   0x00000008   Code   RO          908    .ARM.Collect$$rtentry$$0000000D  c_p.l(__rtentry2.o)
    0x0000013a   0x0000013a   0x00000002   Code   RO          937    .ARM.Collect$$rtexit$$00000000  c_p.l(rtexit.o)
    0x0000013c   0x0000013c   0x00000000   Code   RO          993    .ARM.Collect$$rtexit$$00000002  c_p.l(rtexit2.o)
    0x0000013c   0x0000013c   0x00000004   Code   RO          994    .ARM.Collect$$rtexit$$00000003  c_p.l(rtexit2.o)
    0x00000140   0x00000140   0x00000006   Code   RO          995    .ARM.Collect$$rtexit$$00000004  c_p.l(rtexit2.o)
    0x00000146   0x00000146   0x00000002   PAD
    0x00000148   0x00000148   0x00000038   Code   RO          882    .emb_text           c_p.l(rt_memcpy.o)
    0x00000180   0x00000180   0x00000070   Code   RO            3    .text               main.o
    0x000001f0   0x000001f0   0x0000012c   Code   RO          180    .text               interrupt.o
    0x0000031c   0x0000031c   0x000002bc   Code   RO          206    .text               hardware_init.o
    0x000005d8   0x000005d8   0x00000374   Code   RO          249    .text               oled.o
    0x0000094c   0x0000094c   0x0000034c   Code   RO          272    .text               flexible_button.o
    0x00000c98   0x00000c98   0x00000160   Code   RO          292    .text               key.o
    0x00000df8   0x00000df8   0x000003e0   Code   RO          328    .text               lks32mc03x_gpio.o
    0x000011d8   0x000011d8   0x0000010c   Code   RO          370    .text               lks32mc03x_sys.o
    0x000012e4   0x000012e4   0x000000e4   Code   RO          390    .text               lks32mc03x_timer.o
    0x000013c8   0x000013c8   0x00000040   Code   RO          431    .text               startup_lks32mc03x.o
    0x00001408   0x00001408   0x00000110   Code   RO          437    .text               delay.o
    0x00001518   0x00001518   0x00000074   Code   RO          520    .text               lks32mc03x_iwdg.o
    0x0000158c   0x0000158c   0x0000086a   Code   RO          538    .text               sgui_basic.o
    0x00001df6   0x00001df6   0x000003f4   Code   RO          562    .text               sgui_common.o
    0x000021ea   0x000021ea   0x00000694   Code   RO          592    .text               sgui_itemsbase.o
    0x0000287e   0x0000287e   0x00000256   Code   RO          611    .text               sgui_list.o
    0x00002ad4   0x00002ad4   0x00000126   Code   RO          662    .text               sgui_scrollbar.o
    0x00002bfa   0x00002bfa   0x00000380   Code   RO          674    .text               sgui_text.o
    0x00002f7a   0x00002f7a   0x00000002   PAD
    0x00002f7c   0x00002f7c   0x0000021c   Code   RO          693    .text               hmi_engine.o
    0x00003198   0x00003198   0x000001ac   Code   RO          710    .text               extended_list.o
    0x00003344   0x00003344   0x00000174   Code   RO          751    .text               font_data.o
    0x000034b8   0x000034b8   0x000001b0   Code   RO          797    .text               list_demo.o
    0x00003668   0x00003668   0x00000164   Code   RO          817    .text               screen_proc.o
    0x000037cc   0x000037cc   0x000001b4   Code   RO          847    .text               settings_list.o
    0x00003980   0x00003980   0x00000082   Code   RO          883    .text               c_p.l(rt_memcpy.o)
    0x00003a02   0x00003a02   0x00000040   Code   RO          886    .text               c_p.l(rt_memclr.o)
    0x00003a42   0x00003a42   0x0000015a   Code   RO          888    .text               c_p.l(aeabi_sdiv.o)
    0x00003b9c   0x00003b9c   0x00000006   Code   RO          892    .text               c_p.l(heapauxi.o)
    0x00003ba2   0x00003ba2   0x0000003e   Code   RO          918    .text               c_p.l(sys_stackheap_outer.o)
    0x00003be0   0x00003be0   0x00000010   Code   RO          921    .text               c_p.l(exit.o)
    0x00003bf0   0x00003bf0   0x00000008   Code   RO          933    .text               c_p.l(libspace.o)
    0x00003bf8   0x00003bf8   0x0000000c   Code   RO          990    .text               c_p.l(sys_exit.o)
    0x00003c04   0x00003c04   0x00000002   Code   RO         1009    .text               c_p.l(use_no_semi.o)
    0x00003c06   0x00003c06   0x00000000   Code   RO         1011    .text               c_p.l(indicate_semi.o)
    0x00003c06   0x00003c06   0x00000056   Code   RO         1065    .text               c_p.l(__dczerorl2.o)
    0x00003c5c   0x00003c5c   0x0000001c   Code   RO          343    i.__ARM_common_switch8  lks32mc03x_gpio.o
    0x00003c78   0x00003c78   0x00000019   Data   RO          251    .constdata          oled.o
    0x00003c91   0x00003c91   0x00000003   PAD
    0x00003c94   0x00003c94   0x0000003c   Data   RO          752    .constdata          font_data.o
    0x00003cd0   0x00003cd0   0x00000438   Data   RO          771    .constdata          inconsolata_bold_20.o
    0x00004108   0x00004108   0x000005b0   Data   RO          784    .constdata          inconsolata_regular_16.o
    0x000046b8   0x000046b8   0x0000083c   Data   RO          867    .constdata          inconsolata_regular_12.o
    0x00004ef4   0x00004ef4   0x00000031   Data   RO          712    .conststring        extended_list.o
    0x00004f25   0x00004f25   0x00000003   PAD
    0x00004f28   0x00004f28   0x0000002b   Data   RO          799    .conststring        list_demo.o
    0x00004f53   0x00004f53   0x00000001   PAD
    0x00004f54   0x00004f54   0x00000068   Data   RO          849    .conststring        settings_list.o
    0x00004fbc   0x00004fbc   0x00000020   Data   RO         1063    Region$$Table       anon$$obj.o


    Execution Region RW_IRAM1 (Exec base: 0x20000000, Load base: 0x00004fdc, Size: 0x00000a68, Max: 0x00001000, ABSOLUTE, COMPRESSED[0x000000b4])

    Exec Addr    Load Addr    Size         Type   Attr      Idx    E Section Name        Object

    0x20000000   COMPRESSED   0x00000004   Data   RW            4    .data               main.o
    0x20000004   COMPRESSED   0x00000006   Data   RW          181    .data               interrupt.o
    0x2000000a   COMPRESSED   0x00000001   Data   RW          229    .data               global_variable.o
    0x2000000b   COMPRESSED   0x00000001   PAD
    0x2000000c   COMPRESSED   0x0000000d   Data   RW          273    .data               flexible_button.o
    0x20000019   COMPRESSED   0x00000001   PAD
    0x2000001a   COMPRESSED   0x00000005   Data   RW          294    .data               key.o
    0x2000001f   COMPRESSED   0x00000001   PAD
    0x20000020   COMPRESSED   0x00000008   Data   RW          438    .data               delay.o
    0x20000028   COMPRESSED   0x00000004   Data   RW          694    .data               hmi_engine.o
    0x2000002c   COMPRESSED   0x00000070   Data   RW          713    .data               extended_list.o
    0x2000009c   COMPRESSED   0x00000040   Data   RW          753    .data               font_data.o
    0x200000dc   COMPRESSED   0x00000094   Data   RW          800    .data               list_demo.o
    0x20000170   COMPRESSED   0x0000000c   Data   RW          819    .data               screen_proc.o
    0x2000017c   COMPRESSED   0x000000b0   Data   RW          850    .data               settings_list.o
    0x2000022c        -       0x00000400   Zero   RW          250    .bss                oled.o
    0x2000062c        -       0x00000054   Zero   RW          293    .bss                key.o
    0x20000680        -       0x00000050   Zero   RW          711    .bss                extended_list.o
    0x200006d0        -       0x00000050   Zero   RW          798    .bss                list_demo.o
    0x20000720        -       0x00000094   Zero   RW          818    .bss                screen_proc.o
    0x200007b4        -       0x00000050   Zero   RW          848    .bss                settings_list.o
    0x20000804        -       0x00000060   Zero   RW          934    .bss                c_p.l(libspace.o)
    0x20000864   COMPRESSED   0x00000004   PAD
    0x20000868        -       0x00000000   Zero   RW          429    HEAP                startup_lks32mc03x.o
    0x20000868        -       0x00000200   Zero   RW          428    STACK               startup_lks32mc03x.o


==============================================================================

Image component sizes


      Code (inc. data)   RO Data    RW Data    ZI Data      Debug   Object Name

       272         14          0          8          0       1473   delay.o
       428         52         49        112         80       5912   extended_list.o
       844         22          0         13          0       3880   flexible_button.o
       372         10         60         64          0       4310   font_data.o
         0          0          0          1          0        451   global_variable.o
       700         38          0          0          0       7495   hardware_init.o
       540          6          0          4          0       4896   hmi_engine.o
         0          0       1080          0          0       2411   inconsolata_bold_20.o
         0          0       2108          0          0       4399   inconsolata_regular_12.o
         0          0       1456          0          0       3283   inconsolata_regular_16.o
       300         44          0          6          0       9338   interrupt.o
       352         34          0          5         84       2721   key.o
       432         52         43        148         80       2909   list_demo.o
      1020         68          0          0          0       3790   lks32mc03x_gpio.o
       116         14          0          0          0       1182   lks32mc03x_iwdg.o
       268         16          0          0          0       1932   lks32mc03x_sys.o
       228          8          0          0          0       1147   lks32mc03x_timer.o
       112          8          0          4          0      31875   main.o
       884         12         25          0       1024       4099   oled.o
       356         34          0         12        148       7423   screen_proc.o
       436         52        104        176         80       2825   settings_list.o
      2154          0          0          0          0      10995   sgui_basic.o
      1012          0          0          0          0       4153   sgui_common.o
      1684          0          0          0          0       7324   sgui_itemsbase.o
       598          0          0          0          0       4535   sgui_list.o
       294          0          0          0          0       1591   sgui_scrollbar.o
       896          0          0          0          0       4377   sgui_text.o
        64         28        192          0        512        604   startup_lks32mc03x.o

    ----------------------------------------------------------------------
     14364        512       5156        556       2008     141330   Object Totals
         0          0         32          0          0          0   (incl. Generated)
         2          0          7          3          0          0   (incl. Padding)

    ----------------------------------------------------------------------

      Code (inc. data)   RO Data    RW Data    ZI Data      Debug   Library Member Name

        86          0          0          0          0          0   __dczerorl2.o
         8          0          0          0          0         68   __main.o
         0          0          0          0          0          0   __rtentry.o
        12          0          0          0          0          0   __rtentry2.o
         6          0          0          0          0          0   __rtentry4.o
        60          8          0          0          0          0   __scatter.o
        28          0          0          0          0          0   __scatter_zi.o
       346          0          0          0          0         92   aeabi_sdiv.o
        16          0          0          0          0         68   exit.o
         6          0          0          0          0        136   heapauxi.o
         0          0          0          0          0          0   indicate_semi.o
         2          0          0          0          0          0   libinit.o
         2          0          0          0          0          0   libinit2.o
         2          0          0          0          0          0   libshutdown.o
         2          0          0          0          0          0   libshutdown2.o
         8          4          0          0         96         68   libspace.o
        64          0          0          0          0        108   rt_memclr.o
       186          0          0          0          0        144   rt_memcpy.o
         2          0          0          0          0          0   rtexit.o
        10          0          0          0          0          0   rtexit2.o
        12          4          0          0          0         60   sys_exit.o
        62          0          0          0          0         80   sys_stackheap_outer.o
         2          0          0          0          0         68   use_no_semi.o

    ----------------------------------------------------------------------
       924         16          0          0        100        892   Library Totals
         2          0          0          0          4          0   (incl. Padding)

    ----------------------------------------------------------------------

      Code (inc. data)   RO Data    RW Data    ZI Data      Debug   Library Name

       922         16          0          0         96        892   c_p.l

    ----------------------------------------------------------------------
       924         16          0          0        100        892   Library Totals

    ----------------------------------------------------------------------

==============================================================================


      Code (inc. data)   RO Data    RW Data    ZI Data      Debug   

     15288        528       5156        556       2108     140050   Grand Totals
     15288        528       5156        180       2108     140050   ELF Image Totals (compressed)
     15288        528       5156        180          0          0   ROM Totals

==============================================================================

    Total RO  Size (Code + RO Data)                20444 (  19.96kB)
    Total RW  Size (RW Data + ZI Data)              2664 (   2.60kB)
    Total ROM Size (Code + RO Data + RW Data)      20624 (  20.14kB)

==============================================================================

